<html>
<body>
<pre>
<h1>µVision Build Log</h1>
<h2>Tool Versions:</h2>
IDE-Version: ¦ÌVision V5.15
Copyright (C) 2015 ARM Ltd and ARM Germany GmbH. All rights reserved.
License Information: 1 Lenovo, 1, LIC=7YKSB-2445D-QHX8A-19Z0Q-QB6KK-7MEB9
 
Tool Versions:
Toolchain:       MDK-ARM Professional  Version: 5.15.0
Toolchain Path:  D:\keil5\ARM\ARMCC\Bin
C Compiler:      Armcc.exe V5.05 update 2 (build 169)
Assembler:       Armasm.exe V5.05 update 2 (build 169)
Linker/Locator:  ArmLink.exe V5.05 update 2 (build 169)
Library Manager: ArmAr.exe V5.05 update 2 (build 169)
Hex Converter:   FromElf.exe V5.05 update 2 (build 169)
CPU DLL:         SARMCM3.DLL V5.15.0
Dialog DLL:      DCM.DLL V1.13.2.0
Target DLL:      Segger\JL2CM3.dll V2.99.15.0
Dialog DLL:      TCM.DLL V1.14.5.0
 
<h2>Project:</h2>
E:\ElectricDesign_project\queedle\¶à»Ò½×\EL5104_GS\EL5104\MDK-ARM\EL5104.uvprojx
Project File Date:  05/09/2020

<h2>Output:</h2>
*** Using Compiler 'V5.05 update 2 (build 169)', folder: 'D:\keil5\ARM\ARMCC\Bin'
Rebuild target 'EL5104'
assembling startup_stm32f401xc.s...
compiling main.c...
compiling gpio.c...
compiling rtc.c...
compiling spi.c...
compiling sys.c...
compiling usart.c...
compiling stm32f4xx_it.c...
compiling stm32f4xx_hal_msp.c...
compiling lcddrv.c...
..\Src\lcddrv.c(226): warning:  #177-D: variable "c2" was declared but never referenced
        uint8_t c1, c2, c3, c4, c5, c6, c7;
..\Src\lcddrv.c(226): warning:  #177-D: variable "c3" was declared but never referenced
        uint8_t c1, c2, c3, c4, c5, c6, c7;
..\Src\lcddrv.c(226): warning:  #177-D: variable "c4" was declared but never referenced
        uint8_t c1, c2, c3, c4, c5, c6, c7;
..\Src\lcddrv.c(226): warning:  #177-D: variable "c5" was declared but never referenced
        uint8_t c1, c2, c3, c4, c5, c6, c7;
..\Src\lcddrv.c(226): warning:  #177-D: variable "c6" was declared but never referenced
        uint8_t c1, c2, c3, c4, c5, c6, c7;
..\Src\lcddrv.c(226): warning:  #177-D: variable "c7" was declared but never referenced
        uint8_t c1, c2, c3, c4, c5, c6, c7;
..\Src\lcddrv.c(227): warning:  #177-D: variable "a2" was declared but never referenced
        uint8_t a1, a2, a3, a4, a5, a6, a7;
..\Src\lcddrv.c(227): warning:  #177-D: variable "a3" was declared but never referenced
        uint8_t a1, a2, a3, a4, a5, a6, a7;
..\Src\lcddrv.c(227): warning:  #177-D: variable "a4" was declared but never referenced
        uint8_t a1, a2, a3, a4, a5, a6, a7;
..\Src\lcddrv.c(227): warning:  #177-D: variable "a5" was declared but never referenced
        uint8_t a1, a2, a3, a4, a5, a6, a7;
..\Src\lcddrv.c(227): warning:  #177-D: variable "a6" was declared but never referenced
        uint8_t a1, a2, a3, a4, a5, a6, a7;
..\Src\lcddrv.c(227): warning:  #177-D: variable "a7" was declared but never referenced
        uint8_t a1, a2, a3, a4, a5, a6, a7;
..\Src\lcddrv.c: 12 warnings, 0 errors
compiling pic.c...
compiling stm32f4xx_hal_rtc.c...
compiling stm32f4xx_hal_rtc_ex.c...
compiling stm32f4xx_hal_rcc.c...
compiling stm32f4xx_hal_rcc_ex.c...
compiling stm32f4xx_hal_flash.c...
compiling stm32f4xx_hal_flash_ex.c...
compiling stm32f4xx_hal_flash_ramfunc.c...
compiling stm32f4xx_hal_gpio.c...
compiling stm32f4xx_hal_dma_ex.c...
compiling stm32f4xx_hal_dma.c...
compiling stm32f4xx_hal_pwr.c...
compiling stm32f4xx_hal_pwr_ex.c...
compiling stm32f4xx_hal_cortex.c...
compiling stm32f4xx_hal.c...
compiling stm32f4xx_hal_exti.c...
compiling stm32f4xx_hal_spi.c...
compiling stm32f4xx_hal_tim.c...
compiling stm32f4xx_hal_tim_ex.c...
compiling stm32f4xx_hal_uart.c...
compiling system_stm32f4xx.c...
linking...
Program Size: Code=7540 RO-data=120536 RW-data=112 ZI-data=16208  
FromELF: creating hex file...
"EL5104\EL5104.axf" - 0 Error(s), 12 Warning(s).

<h2>Software Packages used:</h2>

Package Vendor: ARM
                http://www.keil.com/pack/ARM.CMSIS.4.3.0.pack
                ARM::CMSIS:CORE:4.1.0
                CMSIS (Cortex Microcontroller Software Interface Standard)
   * Component: CORE Version: 4.1.0

<h2>Collection of Component include folders:</h2>
  E:\ElectricDesign_project\queedle\¶à»Ò½×\EL5104_GS\EL5104\MDK-ARM\RTE
  D:\keil5\ARM\PACK\ARM\CMSIS\4.3.0\CMSIS\Include
  D:\keil5\ARM\PACK\Keil\STM32F4xx_DFP\2.13.0\Drivers\CMSIS\Device\ST\STM32F4xx\Include

<h2>Collection of Component Files used:</h2>

   * Component: ARM::CMSIS:CORE:4.1.0
</pre>
</body>
</html>
