Component: ARM Compiler 5.05 update 2 (build 169) Tool: armlink [4d0f33]

==============================================================================

Section Cross References

    startup_stm32f401xc.o(RESET) refers to startup_stm32f401xc.o(STACK) for __initial_sp
    startup_stm32f401xc.o(RESET) refers to startup_stm32f401xc.o(.text) for Reset_Handler
    startup_stm32f401xc.o(RESET) refers to stm32f4xx_it.o(i.NMI_Handler) for NMI_Handler
    startup_stm32f401xc.o(RESET) refers to stm32f4xx_it.o(i.HardFault_Handler) for HardFault_Handler
    startup_stm32f401xc.o(RESET) refers to stm32f4xx_it.o(i.MemManage_Handler) for MemManage_Handler
    startup_stm32f401xc.o(RESET) refers to stm32f4xx_it.o(i.BusFault_Handler) for BusFault_Handler
    startup_stm32f401xc.o(RESET) refers to stm32f4xx_it.o(i.UsageFault_Handler) for UsageFault_Handler
    startup_stm32f401xc.o(RESET) refers to stm32f4xx_it.o(i.SVC_Handler) for SVC_Handler
    startup_stm32f401xc.o(RESET) refers to stm32f4xx_it.o(i.DebugMon_Handler) for DebugMon_Handler
    startup_stm32f401xc.o(RESET) refers to stm32f4xx_it.o(i.PendSV_Handler) for PendSV_Handler
    startup_stm32f401xc.o(RESET) refers to stm32f4xx_it.o(i.SysTick_Handler) for SysTick_Handler
    startup_stm32f401xc.o(RESET) refers to stm32f4xx_it.o(i.USART2_IRQHandler) for USART2_IRQHandler
    startup_stm32f401xc.o(.text) refers to system_stm32f4xx.o(i.SystemInit) for SystemInit
    startup_stm32f401xc.o(.text) refers to entry.o(.ARM.Collect$$$$00000000) for __main
    main.o(i.EPD_W21_WriteCMD) refers to stm32f4xx_hal_gpio.o(i.HAL_GPIO_WritePin) for HAL_GPIO_WritePin
    main.o(i.EPD_W21_WriteCMD) refers to stm32f4xx_hal_spi.o(i.HAL_SPI_Transmit) for HAL_SPI_Transmit
    main.o(i.EPD_W21_WriteCMD) refers to spi.o(.bss) for hspi2
    main.o(i.EPD_W21_WriteDATA) refers to stm32f4xx_hal_gpio.o(i.HAL_GPIO_WritePin) for HAL_GPIO_WritePin
    main.o(i.EPD_W21_WriteDATA) refers to stm32f4xx_hal_spi.o(i.HAL_SPI_Transmit) for HAL_SPI_Transmit
    main.o(i.EPD_W21_WriteDATA) refers to spi.o(.bss) for hspi2
    main.o(i.EPD_init) refers to stm32f4xx_hal_gpio.o(i.HAL_GPIO_WritePin) for HAL_GPIO_WritePin
    main.o(i.EPD_init) refers to stm32f4xx_hal.o(i.HAL_Delay) for HAL_Delay
    main.o(i.EPD_init) refers to main.o(i.EPD_W21_WriteCMD) for EPD_W21_WriteCMD
    main.o(i.EPD_init) refers to main.o(i.EPD_W21_WriteDATA) for EPD_W21_WriteDATA
    main.o(i.EPD_refresh) refers to main.o(i.EPD_W21_WriteCMD) for EPD_W21_WriteCMD
    main.o(i.EPD_refresh) refers to main.o(i.EPD_W21_WriteDATA) for EPD_W21_WriteDATA
    main.o(i.EPD_refresh) refers to stm32f4xx_hal.o(i.HAL_Delay) for HAL_Delay
    main.o(i.EPD_sleep) refers to main.o(i.EPD_W21_WriteCMD) for EPD_W21_WriteCMD
    main.o(i.EPD_sleep) refers to main.o(i.EPD_W21_WriteDATA) for EPD_W21_WriteDATA
    main.o(i.PIC_display) refers to main.o(i.EPD_W21_WriteCMD) for EPD_W21_WriteCMD
    main.o(i.PIC_display) refers to main.o(i.EPD_W21_WriteDATA) for EPD_W21_WriteDATA
    main.o(i.PIC_display_Clean) refers to main.o(i.EPD_W21_WriteCMD) for EPD_W21_WriteCMD
    main.o(i.PIC_display_Clean) refers to main.o(i.EPD_W21_WriteDATA) for EPD_W21_WriteDATA
    main.o(i.SystemClock_Config) refers to memseta.o(.text) for __aeabi_memclr4
    main.o(i.SystemClock_Config) refers to stm32f4xx_hal_rcc.o(i.HAL_RCC_OscConfig) for HAL_RCC_OscConfig
    main.o(i.SystemClock_Config) refers to stm32f4xx_hal_rcc.o(i.HAL_RCC_ClockConfig) for HAL_RCC_ClockConfig
    main.o(i.SystemClock_Config) refers to stm32f4xx_hal_rcc_ex.o(i.HAL_RCCEx_PeriphCLKConfig) for HAL_RCCEx_PeriphCLKConfig
    main.o(i.main) refers to stm32f4xx_hal.o(i.HAL_Init) for HAL_Init
    main.o(i.main) refers to main.o(i.SystemClock_Config) for SystemClock_Config
    main.o(i.main) refers to gpio.o(i.MX_GPIO_Init) for MX_GPIO_Init
    main.o(i.main) refers to rtc.o(i.MX_RTC_Init) for MX_RTC_Init
    main.o(i.main) refers to spi.o(i.MX_SPI2_Init) for MX_SPI2_Init
    main.o(i.main) refers to usart.o(i.MX_USART2_UART_Init) for MX_USART2_UART_Init
    main.o(i.main) refers to stm32f4xx_hal_gpio.o(i.HAL_GPIO_WritePin) for HAL_GPIO_WritePin
    main.o(i.main) refers to main.o(i.EPD_init) for EPD_init
    main.o(i.main) refers to main.o(i.PIC_display) for PIC_display
    main.o(i.main) refers to main.o(i.EPD_refresh) for EPD_refresh
    main.o(i.main) refers to main.o(i.EPD_sleep) for EPD_sleep
    main.o(i.main) refers to stm32f4xx_hal.o(i.HAL_Delay) for HAL_Delay
    main.o(i.main) refers to main.o(.constdata) for .constdata
    gpio.o(i.MX_GPIO_Init) refers to memseta.o(.text) for __aeabi_memclr4
    gpio.o(i.MX_GPIO_Init) refers to stm32f4xx_hal_gpio.o(i.HAL_GPIO_WritePin) for HAL_GPIO_WritePin
    gpio.o(i.MX_GPIO_Init) refers to stm32f4xx_hal_gpio.o(i.HAL_GPIO_Init) for HAL_GPIO_Init
    rtc.o(i.MX_RTC_Init) refers to memseta.o(.text) for __aeabi_memclr4
    rtc.o(i.MX_RTC_Init) refers to stm32f4xx_hal_rtc.o(i.HAL_RTC_Init) for HAL_RTC_Init
[...]
    stm32f4xx_hal_spi.o(i.HAL_SPI_TransmitReceive_IT) refers to stm32f4xx_hal_spi.o(i.SPI_2linesTxISR_8BIT) for SPI_2linesTxISR_8BIT
    stm32f4xx_hal_spi.o(i.HAL_SPI_Transmit_DMA) refers to stm32f4xx_hal_dma.o(i.HAL_DMA_Start_IT) for HAL_DMA_Start_IT
    stm32f4xx_hal_spi.o(i.HAL_SPI_Transmit_DMA) refers to stm32f4xx_hal_spi.o(i.SPI_DMAHalfTransmitCplt) for SPI_DMAHalfTransmitCplt
    stm32f4xx_hal_spi.o(i.HAL_SPI_Transmit_DMA) refers to stm32f4xx_hal_spi.o(i.SPI_DMATransmitCplt) for SPI_DMATransmitCplt
    stm32f4xx_hal_spi.o(i.HAL_SPI_Transmit_DMA) refers to stm32f4xx_hal_spi.o(i.SPI_DMAError) for SPI_DMAError
    stm32f4xx_hal_spi.o(i.HAL_SPI_Transmit_IT) refers to stm32f4xx_hal_spi.o(i.SPI_TxISR_16BIT) for SPI_TxISR_16BIT
    stm32f4xx_hal_spi.o(i.HAL_SPI_Transmit_IT) refers to stm32f4xx_hal_spi.o(i.SPI_TxISR_8BIT) for SPI_TxISR_8BIT
    stm32f4xx_hal_spi.o(i.SPI_2linesRxISR_16BIT) refers to stm32f4xx_hal_spi.o(i.SPI_CloseRxTx_ISR) for SPI_CloseRxTx_ISR
    stm32f4xx_hal_spi.o(i.SPI_2linesRxISR_8BIT) refers to stm32f4xx_hal_spi.o(i.SPI_CloseRxTx_ISR) for SPI_CloseRxTx_ISR
    stm32f4xx_hal_spi.o(i.SPI_2linesTxISR_16BIT) refers to stm32f4xx_hal_spi.o(i.SPI_CloseRxTx_ISR) for SPI_CloseRxTx_ISR
    stm32f4xx_hal_spi.o(i.SPI_2linesTxISR_8BIT) refers to stm32f4xx_hal_spi.o(i.SPI_CloseRxTx_ISR) for SPI_CloseRxTx_ISR
    stm32f4xx_hal_spi.o(i.SPI_AbortRx_ISR) refers to system_stm32f4xx.o(.data) for SystemCoreClock
    stm32f4xx_hal_spi.o(i.SPI_CloseRxTx_ISR) refers to stm32f4xx_hal.o(i.HAL_GetTick) for HAL_GetTick
    stm32f4xx_hal_spi.o(i.SPI_CloseRxTx_ISR) refers to stm32f4xx_hal_spi.o(i.SPI_EndRxTxTransaction) for SPI_EndRxTxTransaction
    stm32f4xx_hal_spi.o(i.SPI_CloseRxTx_ISR) refers to stm32f4xx_hal_spi.o(i.HAL_SPI_ErrorCallback) for HAL_SPI_ErrorCallback
    stm32f4xx_hal_spi.o(i.SPI_CloseRxTx_ISR) refers to stm32f4xx_hal_spi.o(i.HAL_SPI_TxRxCpltCallback) for HAL_SPI_TxRxCpltCallback
    stm32f4xx_hal_spi.o(i.SPI_CloseRxTx_ISR) refers to stm32f4xx_hal_spi.o(i.HAL_SPI_RxCpltCallback) for HAL_SPI_RxCpltCallback
    stm32f4xx_hal_spi.o(i.SPI_CloseRxTx_ISR) refers to system_stm32f4xx.o(.data) for SystemCoreClock
    stm32f4xx_hal_spi.o(i.SPI_CloseRx_ISR) refers to stm32f4xx_hal.o(i.HAL_GetTick) for HAL_GetTick
    stm32f4xx_hal_spi.o(i.SPI_CloseRx_ISR) refers to stm32f4xx_hal_spi.o(i.SPI_EndRxTransaction) for SPI_EndRxTransaction
    stm32f4xx_hal_spi.o(i.SPI_CloseRx_ISR) refers to stm32f4xx_hal_spi.o(i.HAL_SPI_ErrorCallback) for HAL_SPI_ErrorCallback
    stm32f4xx_hal_spi.o(i.SPI_CloseRx_ISR) refers to stm32f4xx_hal_spi.o(i.HAL_SPI_RxCpltCallback) for HAL_SPI_RxCpltCallback
    stm32f4xx_hal_spi.o(i.SPI_CloseTx_ISR) refers to stm32f4xx_hal.o(i.HAL_GetTick) for HAL_GetTick
    stm32f4xx_hal_spi.o(i.SPI_CloseTx_ISR) refers to stm32f4xx_hal_spi.o(i.SPI_EndRxTxTransaction) for SPI_EndRxTxTransaction
    stm32f4xx_hal_spi.o(i.SPI_CloseTx_ISR) refers to stm32f4xx_hal_spi.o(i.HAL_SPI_ErrorCallback) for HAL_SPI_ErrorCallback
    stm32f4xx_hal_spi.o(i.SPI_CloseTx_ISR) refers to stm32f4xx_hal_spi.o(i.HAL_SPI_TxCpltCallback) for HAL_SPI_TxCpltCallback
    stm32f4xx_hal_spi.o(i.SPI_CloseTx_ISR) refers to system_stm32f4xx.o(.data) for SystemCoreClock
    stm32f4xx_hal_spi.o(i.SPI_DMAAbortOnError) refers to stm32f4xx_hal_spi.o(i.HAL_SPI_ErrorCallback) for HAL_SPI_ErrorCallback
    stm32f4xx_hal_spi.o(i.SPI_DMAError) refers to stm32f4xx_hal_spi.o(i.HAL_SPI_ErrorCallback) for HAL_SPI_ErrorCallback
    stm32f4xx_hal_spi.o(i.SPI_DMAHalfReceiveCplt) refers to stm32f4xx_hal_spi.o(i.HAL_SPI_RxHalfCpltCallback) for HAL_SPI_RxHalfCpltCallback
    stm32f4xx_hal_spi.o(i.SPI_DMAHalfTransmitCplt) refers to stm32f4xx_hal_spi.o(i.HAL_SPI_TxHalfCpltCallback) for HAL_SPI_TxHalfCpltCallback
    stm32f4xx_hal_spi.o(i.SPI_DMAHalfTransmitReceiveCplt) refers to stm32f4xx_hal_spi.o(i.HAL_SPI_TxRxHalfCpltCallback) for HAL_SPI_TxRxHalfCpltCallback
    stm32f4xx_hal_spi.o(i.SPI_DMAReceiveCplt) refers to stm32f4xx_hal.o(i.HAL_GetTick) for HAL_GetTick
    stm32f4xx_hal_spi.o(i.SPI_DMAReceiveCplt) refers to stm32f4xx_hal_spi.o(i.SPI_EndRxTransaction) for SPI_EndRxTransaction
    stm32f4xx_hal_spi.o(i.SPI_DMAReceiveCplt) refers to stm32f4xx_hal_spi.o(i.HAL_SPI_ErrorCallback) for HAL_SPI_ErrorCallback
    stm32f4xx_hal_spi.o(i.SPI_DMAReceiveCplt) refers to stm32f4xx_hal_spi.o(i.HAL_SPI_RxCpltCallback) for HAL_SPI_RxCpltCallback
    stm32f4xx_hal_spi.o(i.SPI_DMARxAbortCallback) refers to stm32f4xx_hal.o(i.HAL_GetTick) for HAL_GetTick
    stm32f4xx_hal_spi.o(i.SPI_DMARxAbortCallback) refers to stm32f4xx_hal_spi.o(i.SPI_EndRxTxTransaction) for SPI_EndRxTxTransaction
    stm32f4xx_hal_spi.o(i.SPI_DMARxAbortCallback) refers to stm32f4xx_hal_spi.o(i.HAL_SPI_AbortCpltCallback) for HAL_SPI_AbortCpltCallback
    stm32f4xx_hal_spi.o(i.SPI_DMATransmitCplt) refers to stm32f4xx_hal.o(i.HAL_GetTick) for HAL_GetTick
    stm32f4xx_hal_spi.o(i.SPI_DMATransmitCplt) refers to stm32f4xx_hal_spi.o(i.SPI_EndRxTxTransaction) for SPI_EndRxTxTransaction
    stm32f4xx_hal_spi.o(i.SPI_DMATransmitCplt) refers to stm32f4xx_hal_spi.o(i.HAL_SPI_ErrorCallback) for HAL_SPI_ErrorCallback
    stm32f4xx_hal_spi.o(i.SPI_DMATransmitCplt) refers to stm32f4xx_hal_spi.o(i.HAL_SPI_TxCpltCallback) for HAL_SPI_TxCpltCallback
    stm32f4xx_hal_spi.o(i.SPI_DMATransmitReceiveCplt) refers to stm32f4xx_hal.o(i.HAL_GetTick) for HAL_GetTick
    stm32f4xx_hal_spi.o(i.SPI_DMATransmitReceiveCplt) refers to stm32f4xx_hal_spi.o(i.SPI_EndRxTxTransaction) for SPI_EndRxTxTransaction
    stm32f4xx_hal_spi.o(i.SPI_DMATransmitReceiveCplt) refers to stm32f4xx_hal_spi.o(i.HAL_SPI_ErrorCallback) for HAL_SPI_ErrorCallback
    stm32f4xx_hal_spi.o(i.SPI_DMATransmitReceiveCplt) refers to stm32f4xx_hal_spi.o(i.HAL_SPI_TxRxCpltCallback) for HAL_SPI_TxRxCpltCallback
    stm32f4xx_hal_spi.o(i.SPI_DMATxAbortCallback) refers to stm32f4xx_hal_spi.o(i.HAL_SPI_AbortCpltCallback) for HAL_SPI_AbortCpltCallback
    stm32f4xx_hal_spi.o(i.SPI_DMATxAbortCallback) refers to system_stm32f4xx.o(.data) for SystemCoreClock
    stm32f4xx_hal_spi.o(i.SPI_EndRxTransaction) refers to stm32f4xx_hal_spi.o(i.SPI_WaitFlagStateUntilTimeout) for SPI_WaitFlagStateUntilTimeout
    stm32f4xx_hal_spi.o(i.SPI_EndRxTxTransaction) refers to stm32f4xx_hal_spi.o(i.SPI_WaitFlagStateUntilTimeout) for SPI_WaitFlagStateUntilTimeout
    stm32f4xx_hal_spi.o(i.SPI_EndRxTxTransaction) refers to system_stm32f4xx.o(.data) for SystemCoreClock
    stm32f4xx_hal_spi.o(i.SPI_RxISR_16BIT) refers to stm32f4xx_hal_spi.o(i.SPI_CloseRx_ISR) for SPI_CloseRx_ISR
    stm32f4xx_hal_spi.o(i.SPI_RxISR_8BIT) refers to stm32f4xx_hal_spi.o(i.SPI_CloseRx_ISR) for SPI_CloseRx_ISR
    stm32f4xx_hal_spi.o(i.SPI_TxISR_16BIT) refers to stm32f4xx_hal_spi.o(i.SPI_CloseTx_ISR) for SPI_CloseTx_ISR
    stm32f4xx_hal_spi.o(i.SPI_TxISR_8BIT) refers to stm32f4xx_hal_spi.o(i.SPI_CloseTx_ISR) for SPI_CloseTx_ISR
    stm32f4xx_hal_spi.o(i.SPI_WaitFlagStateUntilTimeout) refers to stm32f4xx_hal.o(i.HAL_GetTick) for HAL_GetTick
    stm32f4xx_hal_uart.o(i.HAL_HalfDuplex_Init) refers to usart.o(i.HAL_UART_MspInit) for HAL_UART_MspInit
    stm32f4xx_hal_uart.o(i.HAL_HalfDuplex_Init) refers to stm32f4xx_hal_uart.o(i.UART_SetConfig) for UART_SetConfig
    stm32f4xx_hal_uart.o(i.HAL_LIN_Init) refers to usart.o(i.HAL_UART_MspInit) for HAL_UART_MspInit
    stm32f4xx_hal_uart.o(i.HAL_LIN_Init) refers to stm32f4xx_hal_uart.o(i.UART_SetConfig) for UART_SetConfig
    stm32f4xx_hal_uart.o(i.HAL_MultiProcessor_Init) refers to usart.o(i.HAL_UART_MspInit) for HAL_UART_MspInit
    stm32f4xx_hal_uart.o(i.HAL_MultiProcessor_Init) refers to stm32f4xx_hal_uart.o(i.UART_SetConfig) for UART_SetConfig
    stm32f4xx_hal_uart.o(i.HAL_UART_Abort) refers to stm32f4xx_hal_dma.o(i.HAL_DMA_Abort) for HAL_DMA_Abort
    stm32f4xx_hal_uart.o(i.HAL_UART_Abort) refers to stm32f4xx_hal_dma.o(i.HAL_DMA_GetError) for HAL_DMA_GetError
    stm32f4xx_hal_uart.o(i.HAL_UART_AbortReceive) refers to stm32f4xx_hal_dma.o(i.HAL_DMA_Abort) for HAL_DMA_Abort
    stm32f4xx_hal_uart.o(i.HAL_UART_AbortReceive) refers to stm32f4xx_hal_dma.o(i.HAL_DMA_GetError) for HAL_DMA_GetError
    stm32f4xx_hal_uart.o(i.HAL_UART_AbortReceive_IT) refers to stm32f4xx_hal_dma.o(i.HAL_DMA_Abort_IT) for HAL_DMA_Abort_IT
    stm32f4xx_hal_uart.o(i.HAL_UART_AbortReceive_IT) refers to stm32f4xx_hal_uart.o(i.HAL_UART_AbortReceiveCpltCallback) for HAL_UART_AbortReceiveCpltCallback
    stm32f4xx_hal_uart.o(i.HAL_UART_AbortReceive_IT) refers to stm32f4xx_hal_uart.o(i.UART_DMARxOnlyAbortCallback) for UART_DMARxOnlyAbortCallback
    stm32f4xx_hal_uart.o(i.HAL_UART_AbortTransmit) refers to stm32f4xx_hal_dma.o(i.HAL_DMA_Abort) for HAL_DMA_Abort
    stm32f4xx_hal_uart.o(i.HAL_UART_AbortTransmit) refers to stm32f4xx_hal_dma.o(i.HAL_DMA_GetError) for HAL_DMA_GetError
    stm32f4xx_hal_uart.o(i.HAL_UART_AbortTransmit_IT) refers to stm32f4xx_hal_dma.o(i.HAL_DMA_Abort_IT) for HAL_DMA_Abort_IT
    stm32f4xx_hal_uart.o(i.HAL_UART_AbortTransmit_IT) refers to stm32f4xx_hal_uart.o(i.HAL_UART_AbortTransmitCpltCallback) for HAL_UART_AbortTransmitCpltCallback
    stm32f4xx_hal_uart.o(i.HAL_UART_AbortTransmit_IT) refers to stm32f4xx_hal_uart.o(i.UART_DMATxOnlyAbortCallback) for UART_DMATxOnlyAbortCallback
    stm32f4xx_hal_uart.o(i.HAL_UART_Abort_IT) refers to stm32f4xx_hal_dma.o(i.HAL_DMA_Abort_IT) for HAL_DMA_Abort_IT
    stm32f4xx_hal_uart.o(i.HAL_UART_Abort_IT) refers to stm32f4xx_hal_uart.o(i.HAL_UART_AbortCpltCallback) for HAL_UART_AbortCpltCallback
    stm32f4xx_hal_uart.o(i.HAL_UART_Abort_IT) refers to stm32f4xx_hal_uart.o(i.UART_DMATxAbortCallback) for UART_DMATxAbortCallback
    stm32f4xx_hal_uart.o(i.HAL_UART_Abort_IT) refers to stm32f4xx_hal_uart.o(i.UART_DMARxAbortCallback) for UART_DMARxAbortCallback
    stm32f4xx_hal_uart.o(i.HAL_UART_DMAStop) refers to stm32f4xx_hal_dma.o(i.HAL_DMA_Abort) for HAL_DMA_Abort
    stm32f4xx_hal_uart.o(i.HAL_UART_DMAStop) refers to stm32f4xx_hal_uart.o(i.UART_EndTxTransfer) for UART_EndTxTransfer
    stm32f4xx_hal_uart.o(i.HAL_UART_DMAStop) refers to stm32f4xx_hal_uart.o(i.UART_EndRxTransfer) for UART_EndRxTransfer
    stm32f4xx_hal_uart.o(i.HAL_UART_DeInit) refers to usart.o(i.HAL_UART_MspDeInit) for HAL_UART_MspDeInit
    stm32f4xx_hal_uart.o(i.HAL_UART_IRQHandler) refers to stm32f4xx_hal_uart.o(i.UART_Receive_IT) for UART_Receive_IT
    stm32f4xx_hal_uart.o(i.HAL_UART_IRQHandler) refers to stm32f4xx_hal_uart.o(i.UART_EndRxTransfer) for UART_EndRxTransfer
    stm32f4xx_hal_uart.o(i.HAL_UART_IRQHandler) refers to stm32f4xx_hal_dma.o(i.HAL_DMA_Abort_IT) for HAL_DMA_Abort_IT
    stm32f4xx_hal_uart.o(i.HAL_UART_IRQHandler) refers to stm32f4xx_hal_uart.o(i.HAL_UART_ErrorCallback) for HAL_UART_ErrorCallback
    stm32f4xx_hal_uart.o(i.HAL_UART_IRQHandler) refers to stm32f4xx_hal_uart.o(i.UART_Transmit_IT) for UART_Transmit_IT
    stm32f4xx_hal_uart.o(i.HAL_UART_IRQHandler) refers to stm32f4xx_hal_uart.o(i.HAL_UART_TxCpltCallback) for HAL_UART_TxCpltCallback
    stm32f4xx_hal_uart.o(i.HAL_UART_IRQHandler) refers to stm32f4xx_hal_uart.o(i.UART_DMAAbortOnError) for UART_DMAAbortOnError
    stm32f4xx_hal_uart.o(i.HAL_UART_Init) refers to usart.o(i.HAL_UART_MspInit) for HAL_UART_MspInit
    stm32f4xx_hal_uart.o(i.HAL_UART_Init) refers to stm32f4xx_hal_uart.o(i.UART_SetConfig) for UART_SetConfig
    stm32f4xx_hal_uart.o(i.HAL_UART_Receive) refers to stm32f4xx_hal.o(i.HAL_GetTick) for HAL_GetTick
    stm32f4xx_hal_uart.o(i.HAL_UART_Receive) refers to stm32f4xx_hal_uart.o(i.UART_WaitOnFlagUntilTimeout) for UART_WaitOnFlagUntilTimeout
    stm32f4xx_hal_uart.o(i.HAL_UART_Receive_DMA) refers to stm32f4xx_hal_dma.o(i.HAL_DMA_Start_IT) for HAL_DMA_Start_IT
    stm32f4xx_hal_uart.o(i.HAL_UART_Receive_DMA) refers to stm32f4xx_hal_uart.o(i.UART_DMAReceiveCplt) for UART_DMAReceiveCplt
    stm32f4xx_hal_uart.o(i.HAL_UART_Receive_DMA) refers to stm32f4xx_hal_uart.o(i.UART_DMARxHalfCplt) for UART_DMARxHalfCplt
    stm32f4xx_hal_uart.o(i.HAL_UART_Receive_DMA) refers to stm32f4xx_hal_uart.o(i.UART_DMAError) for UART_DMAError
    stm32f4xx_hal_uart.o(i.HAL_UART_Transmit) refers to stm32f4xx_hal.o(i.HAL_GetTick) for HAL_GetTick
    stm32f4xx_hal_uart.o(i.HAL_UART_Transmit) refers to stm32f4xx_hal_uart.o(i.UART_WaitOnFlagUntilTimeout) for UART_WaitOnFlagUntilTimeout
    stm32f4xx_hal_uart.o(i.HAL_UART_Transmit_DMA) refers to stm32f4xx_hal_dma.o(i.HAL_DMA_Start_IT) for HAL_DMA_Start_IT
    stm32f4xx_hal_uart.o(i.HAL_UART_Transmit_DMA) refers to stm32f4xx_hal_uart.o(i.UART_DMATransmitCplt) for UART_DMATransmitCplt
    stm32f4xx_hal_uart.o(i.HAL_UART_Transmit_DMA) refers to stm32f4xx_hal_uart.o(i.UART_DMATxHalfCplt) for UART_DMATxHalfCplt
    stm32f4xx_hal_uart.o(i.HAL_UART_Transmit_DMA) refers to stm32f4xx_hal_uart.o(i.UART_DMAError) for UART_DMAError
    stm32f4xx_hal_uart.o(i.UART_DMAAbortOnError) refers to stm32f4xx_hal_uart.o(i.HAL_UART_ErrorCallback) for HAL_UART_ErrorCallback
    stm32f4xx_hal_uart.o(i.UART_DMAError) refers to stm32f4xx_hal_uart.o(i.UART_EndTxTransfer) for UART_EndTxTransfer
    stm32f4xx_hal_uart.o(i.UART_DMAError) refers to stm32f4xx_hal_uart.o(i.UART_EndRxTransfer) for UART_EndRxTransfer
    stm32f4xx_hal_uart.o(i.UART_DMAError) refers to stm32f4xx_hal_uart.o(i.HAL_UART_ErrorCallback) for HAL_UART_ErrorCallback
    stm32f4xx_hal_uart.o(i.UART_DMAReceiveCplt) refers to stm32f4xx_hal_uart.o(i.HAL_UART_RxCpltCallback) for HAL_UART_RxCpltCallback
    stm32f4xx_hal_uart.o(i.UART_DMARxAbortCallback) refers to stm32f4xx_hal_uart.o(i.HAL_UART_AbortCpltCallback) for HAL_UART_AbortCpltCallback
    stm32f4xx_hal_uart.o(i.UART_DMARxHalfCplt) refers to stm32f4xx_hal_uart.o(i.HAL_UART_RxHalfCpltCallback) for HAL_UART_RxHalfCpltCallback
    stm32f4xx_hal_uart.o(i.UART_DMARxOnlyAbortCallback) refers to stm32f4xx_hal_uart.o(i.HAL_UART_AbortReceiveCpltCallback) for HAL_UART_AbortReceiveCpltCallback
    stm32f4xx_hal_uart.o(i.UART_DMATransmitCplt) refers to stm32f4xx_hal_uart.o(i.HAL_UART_TxCpltCallback) for HAL_UART_TxCpltCallback
    stm32f4xx_hal_uart.o(i.UART_DMATxAbortCallback) refers to stm32f4xx_hal_uart.o(i.HAL_UART_AbortCpltCallback) for HAL_UART_AbortCpltCallback
    stm32f4xx_hal_uart.o(i.UART_DMATxHalfCplt) refers to stm32f4xx_hal_uart.o(i.HAL_UART_TxHalfCpltCallback) for HAL_UART_TxHalfCpltCallback
    stm32f4xx_hal_uart.o(i.UART_DMATxOnlyAbortCallback) refers to stm32f4xx_hal_uart.o(i.HAL_UART_AbortTransmitCpltCallback) for HAL_UART_AbortTransmitCpltCallback
    stm32f4xx_hal_uart.o(i.UART_Receive_IT) refers to stm32f4xx_hal_uart.o(i.HAL_UART_RxCpltCallback) for HAL_UART_RxCpltCallback
    stm32f4xx_hal_uart.o(i.UART_SetConfig) refers to stm32f4xx_hal_rcc.o(i.HAL_RCC_GetPCLK2Freq) for HAL_RCC_GetPCLK2Freq
    stm32f4xx_hal_uart.o(i.UART_SetConfig) refers to stm32f4xx_hal_rcc.o(i.HAL_RCC_GetPCLK1Freq) for HAL_RCC_GetPCLK1Freq
    stm32f4xx_hal_uart.o(i.UART_WaitOnFlagUntilTimeout) refers to stm32f4xx_hal.o(i.HAL_GetTick) for HAL_GetTick
    system_stm32f4xx.o(i.SystemCoreClockUpdate) refers to system_stm32f4xx.o(.data) for .data
    system_stm32f4xx.o(i.SystemCoreClockUpdate) refers to system_stm32f4xx.o(.constdata) for .constdata
    entry.o(.ARM.Collect$$$$00000000) refers (Special) to entry10a.o(.ARM.Collect$$$$0000000D) for __rt_final_cpp
    entry.o(.ARM.Collect$$$$00000000) refers (Special) to entry11a.o(.ARM.Collect$$$$0000000F) for __rt_final_exit
    entry.o(.ARM.Collect$$$$00000000) refers (Special) to entry7b.o(.ARM.Collect$$$$00000008) for _main_clock
    entry.o(.ARM.Collect$$$$00000000) refers (Special) to entry8b.o(.ARM.Collect$$$$0000000A) for _main_cpp_init
    entry.o(.ARM.Collect$$$$00000000) refers (Special) to entry9a.o(.ARM.Collect$$$$0000000B) for _main_init
    entry.o(.ARM.Collect$$$$00000000) refers (Special) to entry5.o(.ARM.Collect$$$$00000004) for _main_scatterload
    entry.o(.ARM.Collect$$$$00000000) refers (Special) to entry2.o(.ARM.Collect$$$$00000001) for _main_stk
    uldiv.o(.text) refers to llushr.o(.text) for __aeabi_llsr
    uldiv.o(.text) refers to llshl.o(.text) for __aeabi_llsl
    entry2.o(.ARM.Collect$$$$00000001) refers to entry2.o(.ARM.Collect$$$$00002712) for __lit__00000000
    entry2.o(.ARM.Collect$$$$00002712) refers to startup_stm32f401xc.o(STACK) for __initial_sp
    entry2.o(__vectab_stack_and_reset_area) refers to startup_stm32f401xc.o(STACK) for __initial_sp
    entry2.o(__vectab_stack_and_reset_area) refers to entry.o(.ARM.Collect$$$$00000000) for __main
    entry5.o(.ARM.Collect$$$$00000004) refers to init.o(.text) for __scatterload
    entry9a.o(.ARM.Collect$$$$0000000B) refers to main.o(i.main) for main
    entry9b.o(.ARM.Collect$$$$0000000C) refers to main.o(i.main) for main
    init.o(.text) refers to entry5.o(.ARM.Collect$$$$00000004) for __main_after_scatterload


==============================================================================

Removing Unused input sections from the image.

    Removing startup_stm32f401xc.o(HEAP), (512 bytes).
    Removing main.o(.rev16_text), (4 bytes).
    Removing main.o(.revsh_text), (4 bytes).
    Removing main.o(.rrx_text), (6 bytes).
    Removing main.o(i.PIC_display_Clean), (48 bytes).
    Removing main.o(i.lcd_chkstatus), (2 bytes).
    Removing gpio.o(.rev16_text), (4 bytes).
    Removing gpio.o(.revsh_text), (4 bytes).
    Removing gpio.o(.rrx_text), (6 bytes).
    Removing rtc.o(.rev16_text), (4 bytes).
    Removing rtc.o(.revsh_text), (4 bytes).
    Removing rtc.o(.rrx_text), (6 bytes).
    Removing rtc.o(i.HAL_RTC_MspDeInit), (24 bytes).
    Removing spi.o(.rev16_text), (4 bytes).
    Removing spi.o(.revsh_text), (4 bytes).
    Removing spi.o(.rrx_text), (6 bytes).
    Removing spi.o(i.HAL_SPI_MspDeInit), (44 bytes).
    Removing sys.o(.rev16_text), (4 bytes).
    Removing sys.o(.revsh_text), (4 bytes).
    Removing sys.o(.rrx_text), (6 bytes).
    Removing sys.o(i.MX_SYS_Init), (2 bytes).
    Removing usart.o(.rev16_text), (4 bytes).
    Removing usart.o(.revsh_text), (4 bytes).
    Removing usart.o(.rrx_text), (6 bytes).
    Removing usart.o(i.HAL_UART_MspDeInit), (52 bytes).
    Removing stm32f4xx_it.o(.rev16_text), (4 bytes).
    Removing stm32f4xx_it.o(.revsh_text), (4 bytes).
    Removing stm32f4xx_it.o(.rrx_text), (6 bytes).
    Removing stm32f4xx_hal_msp.o(.rev16_text), (4 bytes).
    Removing stm32f4xx_hal_msp.o(.revsh_text), (4 bytes).
    Removing stm32f4xx_hal_msp.o(.rrx_text), (6 bytes).
    Removing stm32f4xx_hal_rtc.o(.rev16_text), (4 bytes).
    Removing stm32f4xx_hal_rtc.o(.revsh_text), (4 bytes).
    Removing stm32f4xx_hal_rtc.o(.rrx_text), (6 bytes).
    Removing stm32f4xx_hal_rtc.o(i.HAL_RTC_AlarmAEventCallback), (2 bytes).
    Removing stm32f4xx_hal_rtc.o(i.HAL_RTC_AlarmIRQHandler), (92 bytes).
    Removing stm32f4xx_hal_rtc.o(i.HAL_RTC_DeInit), (212 bytes).
    Removing stm32f4xx_hal_rtc.o(i.HAL_RTC_DeactivateAlarm), (178 bytes).
    Removing stm32f4xx_hal_rtc.o(i.HAL_RTC_GetAlarm), (126 bytes).
    Removing stm32f4xx_hal_rtc.o(i.HAL_RTC_GetDate), (68 bytes).
    Removing stm32f4xx_hal_rtc.o(i.HAL_RTC_GetState), (4 bytes).
    Removing stm32f4xx_hal_rtc.o(i.HAL_RTC_GetTime), (88 bytes).
    Removing stm32f4xx_hal_rtc.o(i.HAL_RTC_MspDeInit), (2 bytes).
    Removing stm32f4xx_hal_rtc.o(i.HAL_RTC_MspInit), (2 bytes).
    Removing stm32f4xx_hal_rtc.o(i.HAL_RTC_PollForAlarmAEvent), (66 bytes).
    Removing stm32f4xx_hal_rtc.o(i.HAL_RTC_SetAlarm), (336 bytes).
    Removing stm32f4xx_hal_rtc.o(i.HAL_RTC_SetAlarm_IT), (376 bytes).
    Removing stm32f4xx_hal_rtc.o(i.RTC_Bcd2ToByte), (18 bytes).
    Removing stm32f4xx_hal_rtc_ex.o(.rev16_text), (4 bytes).
    Removing stm32f4xx_hal_rtc_ex.o(.revsh_text), (4 bytes).
    Removing stm32f4xx_hal_rtc_ex.o(.rrx_text), (6 bytes).
    Removing stm32f4xx_hal_rtc_ex.o(i.HAL_RTCEx_AlarmBEventCallback), (2 bytes).
    Removing stm32f4xx_hal_rtc_ex.o(i.HAL_RTCEx_BKUPRead), (10 bytes).
    Removing stm32f4xx_hal_rtc_ex.o(i.HAL_RTCEx_BKUPWrite), (10 bytes).
    Removing stm32f4xx_hal_rtc_ex.o(i.HAL_RTCEx_DeactivateCalibrationOutPut), (56 bytes).
    Removing stm32f4xx_hal_rtc_ex.o(i.HAL_RTCEx_DeactivateCoarseCalib), (96 bytes).
    Removing stm32f4xx_hal_rtc_ex.o(i.HAL_RTCEx_DeactivateRefClock), (96 bytes).
    Removing stm32f4xx_hal_rtc_ex.o(i.HAL_RTCEx_DeactivateTamper), (38 bytes).
    Removing stm32f4xx_hal_rtc_ex.o(i.HAL_RTCEx_DeactivateTimeStamp), (70 bytes).
    Removing stm32f4xx_hal_rtc_ex.o(i.HAL_RTCEx_DeactivateWakeUpTimer), (122 bytes).
    Removing stm32f4xx_hal_rtc_ex.o(i.HAL_RTCEx_DisableBypassShadow), (56 bytes).
    Removing stm32f4xx_hal_rtc_ex.o(i.HAL_RTCEx_EnableBypassShadow), (56 bytes).
    Removing stm32f4xx_hal_rtc_ex.o(i.HAL_RTCEx_GetTimeStamp), (152 bytes).
    Removing stm32f4xx_hal_rtc_ex.o(i.HAL_RTCEx_GetWakeUpTimer), (8 bytes).
    Removing stm32f4xx_hal_rtc_ex.o(i.HAL_RTCEx_PollForAlarmBEvent), (66 bytes).
    Removing stm32f4xx_hal_rtc_ex.o(i.HAL_RTCEx_PollForTamper1Event), (66 bytes).
    Removing stm32f4xx_hal_rtc_ex.o(i.HAL_RTCEx_PollForTamper2Event), (66 bytes).
    Removing stm32f4xx_hal_rtc_ex.o(i.HAL_RTCEx_PollForTimeStampEvent), (78 bytes).
    Removing stm32f4xx_hal_rtc_ex.o(i.HAL_RTCEx_PollForWakeUpTimerEvent), (66 bytes).
    Removing stm32f4xx_hal_rtc_ex.o(i.HAL_RTCEx_SetCalibrationOutPut), (76 bytes).
    Removing stm32f4xx_hal_rtc_ex.o(i.HAL_RTCEx_SetCoarseCalib), (110 bytes).
    Removing stm32f4xx_hal_rtc_ex.o(i.HAL_RTCEx_SetRefClock), (96 bytes).
    Removing stm32f4xx_hal_rtc_ex.o(i.HAL_RTCEx_SetSmoothCalib), (130 bytes).
    Removing stm32f4xx_hal_rtc_ex.o(i.HAL_RTCEx_SetSynchroShift), (154 bytes).
    Removing stm32f4xx_hal_rtc_ex.o(i.HAL_RTCEx_SetTamper), (104 bytes).
    Removing stm32f4xx_hal_rtc_ex.o(i.HAL_RTCEx_SetTamper_IT), (164 bytes).
    Removing stm32f4xx_hal_rtc_ex.o(i.HAL_RTCEx_SetTimeStamp), (90 bytes).
    Removing stm32f4xx_hal_rtc_ex.o(i.HAL_RTCEx_SetTimeStamp_IT), (140 bytes).
    Removing stm32f4xx_hal_rtc_ex.o(i.HAL_RTCEx_SetWakeUpTimer), (194 bytes).
    Removing stm32f4xx_hal_rtc_ex.o(i.HAL_RTCEx_SetWakeUpTimer_IT), (248 bytes).
    Removing stm32f4xx_hal_rtc_ex.o(i.HAL_RTCEx_Tamper1EventCallback), (2 bytes).
    Removing stm32f4xx_hal_rtc_ex.o(i.HAL_RTCEx_Tamper2EventCallback), (2 bytes).
    Removing stm32f4xx_hal_rtc_ex.o(i.HAL_RTCEx_TamperTimeStampIRQHandler), (124 bytes).
    Removing stm32f4xx_hal_rtc_ex.o(i.HAL_RTCEx_TimeStampEventCallback), (2 bytes).
    Removing stm32f4xx_hal_rtc_ex.o(i.HAL_RTCEx_WakeUpTimerEventCallback), (2 bytes).
    Removing stm32f4xx_hal_rtc_ex.o(i.HAL_RTCEx_WakeUpTimerIRQHandler), (56 bytes).
    Removing stm32f4xx_hal_rcc.o(.rev16_text), (4 bytes).
    Removing stm32f4xx_hal_rcc.o(.revsh_text), (4 bytes).
    Removing stm32f4xx_hal_rcc.o(.rrx_text), (6 bytes).
    Removing stm32f4xx_hal_rcc.o(i.HAL_RCC_CSSCallback), (2 bytes).
    Removing stm32f4xx_hal_rcc.o(i.HAL_RCC_DeInit), (4 bytes).
    Removing stm32f4xx_hal_rcc.o(i.HAL_RCC_DisableCSS), (12 bytes).
    Removing stm32f4xx_hal_rcc.o(i.HAL_RCC_EnableCSS), (12 bytes).
    Removing stm32f4xx_hal_rcc.o(i.HAL_RCC_GetClockConfig), (64 bytes).
    Removing stm32f4xx_hal_rcc.o(i.HAL_RCC_GetHCLKFreq), (12 bytes).
    Removing stm32f4xx_hal_rcc.o(i.HAL_RCC_GetOscConfig), (180 bytes).
    Removing stm32f4xx_hal_rcc.o(i.HAL_RCC_MCOConfig), (140 bytes).
    Removing stm32f4xx_hal_rcc.o(i.HAL_RCC_NMI_IRQHandler), (28 bytes).
    Removing stm32f4xx_hal_rcc_ex.o(.rev16_text), (4 bytes).
    Removing stm32f4xx_hal_rcc_ex.o(.revsh_text), (4 bytes).
    Removing stm32f4xx_hal_rcc_ex.o(.rrx_text), (6 bytes).
    Removing stm32f4xx_hal_rcc_ex.o(i.HAL_RCCEx_DisablePLLI2S), (52 bytes).
    Removing stm32f4xx_hal_rcc_ex.o(i.HAL_RCCEx_EnablePLLI2S), (104 bytes).
    Removing stm32f4xx_hal_rcc_ex.o(i.HAL_RCCEx_GetPeriphCLKConfig), (72 bytes).
    Removing stm32f4xx_hal_rcc_ex.o(i.HAL_RCCEx_GetPeriphCLKFreq), (92 bytes).
    Removing stm32f4xx_hal_rcc_ex.o(i.HAL_RCC_DeInit), (304 bytes).
    Removing stm32f4xx_hal_flash.o(.rev16_text), (4 bytes).
    Removing stm32f4xx_hal_flash.o(.revsh_text), (4 bytes).
    Removing stm32f4xx_hal_flash.o(.rrx_text), (6 bytes).
    Removing stm32f4xx_hal_flash.o(i.FLASH_Program_Byte), (32 bytes).
    Removing stm32f4xx_hal_flash.o(i.FLASH_Program_DoubleWord), (40 bytes).
    Removing stm32f4xx_hal_flash.o(i.FLASH_Program_HalfWord), (36 bytes).
    Removing stm32f4xx_hal_flash.o(i.FLASH_Program_Word), (36 bytes).
    Removing stm32f4xx_hal_flash.o(i.FLASH_SetErrorCode), (124 bytes).
    Removing stm32f4xx_hal_flash.o(i.FLASH_WaitForLastOperation), (80 bytes).
    Removing stm32f4xx_hal_flash.o(i.HAL_FLASH_EndOfOperationCallback), (2 bytes).
    Removing stm32f4xx_hal_flash.o(i.HAL_FLASH_GetError), (12 bytes).
    Removing stm32f4xx_hal_flash.o(i.HAL_FLASH_IRQHandler), (204 bytes).
    Removing stm32f4xx_hal_flash.o(i.HAL_FLASH_Lock), (20 bytes).
    Removing stm32f4xx_hal_flash.o(i.HAL_FLASH_OB_Launch), (24 bytes).
    Removing stm32f4xx_hal_flash.o(i.HAL_FLASH_OB_Lock), (20 bytes).
    Removing stm32f4xx_hal_flash.o(i.HAL_FLASH_OB_Unlock), (40 bytes).
    Removing stm32f4xx_hal_flash.o(i.HAL_FLASH_OperationErrorCallback), (2 bytes).
    Removing stm32f4xx_hal_flash.o(i.HAL_FLASH_Program), (124 bytes).
    Removing stm32f4xx_hal_flash.o(i.HAL_FLASH_Program_IT), (108 bytes).
    Removing stm32f4xx_hal_flash.o(i.HAL_FLASH_Unlock), (44 bytes).
    Removing stm32f4xx_hal_flash.o(.bss), (32 bytes).
    Removing stm32f4xx_hal_flash_ex.o(.rev16_text), (4 bytes).
    Removing stm32f4xx_hal_flash_ex.o(.revsh_text), (4 bytes).
    Removing stm32f4xx_hal_flash_ex.o(.rrx_text), (6 bytes).
    Removing stm32f4xx_hal_flash_ex.o(i.FLASH_Erase_Sector), (80 bytes).
    Removing stm32f4xx_hal_flash_ex.o(i.FLASH_FlushCaches), (84 bytes).
    Removing stm32f4xx_hal_flash_ex.o(i.FLASH_MassErase), (40 bytes).
    Removing stm32f4xx_hal_flash_ex.o(i.HAL_FLASHEx_AdvOBGetConfig), (12 bytes).
    Removing stm32f4xx_hal_flash_ex.o(i.HAL_FLASHEx_AdvOBProgram), (60 bytes).
    Removing stm32f4xx_hal_flash_ex.o(i.HAL_FLASHEx_Erase), (152 bytes).
    Removing stm32f4xx_hal_flash_ex.o(i.HAL_FLASHEx_Erase_IT), (104 bytes).
    Removing stm32f4xx_hal_flash_ex.o(i.HAL_FLASHEx_OBGetConfig), (64 bytes).
    Removing stm32f4xx_hal_flash_ex.o(i.HAL_FLASHEx_OBProgram), (204 bytes).
    Removing stm32f4xx_hal_flash_ex.o(i.HAL_FLASHEx_OB_DeSelectPCROP), (20 bytes).
    Removing stm32f4xx_hal_flash_ex.o(i.HAL_FLASHEx_OB_SelectPCROP), (24 bytes).
    Removing stm32f4xx_hal_flash_ramfunc.o(.rev16_text), (4 bytes).
    Removing stm32f4xx_hal_flash_ramfunc.o(.revsh_text), (4 bytes).
    Removing stm32f4xx_hal_flash_ramfunc.o(.rrx_text), (6 bytes).
    Removing stm32f4xx_hal_gpio.o(.rev16_text), (4 bytes).
    Removing stm32f4xx_hal_gpio.o(.revsh_text), (4 bytes).
    Removing stm32f4xx_hal_gpio.o(.rrx_text), (6 bytes).
    Removing stm32f4xx_hal_gpio.o(i.HAL_GPIO_DeInit), (276 bytes).
    Removing stm32f4xx_hal_gpio.o(i.HAL_GPIO_EXTI_Callback), (2 bytes).
    Removing stm32f4xx_hal_gpio.o(i.HAL_GPIO_EXTI_IRQHandler), (24 bytes).
    Removing stm32f4xx_hal_gpio.o(i.HAL_GPIO_LockPin), (34 bytes).
    Removing stm32f4xx_hal_gpio.o(i.HAL_GPIO_ReadPin), (10 bytes).
    Removing stm32f4xx_hal_gpio.o(i.HAL_GPIO_TogglePin), (14 bytes).
    Removing stm32f4xx_hal_dma_ex.o(.rev16_text), (4 bytes).
    Removing stm32f4xx_hal_dma_ex.o(.revsh_text), (4 bytes).
    Removing stm32f4xx_hal_dma_ex.o(.rrx_text), (6 bytes).
    Removing stm32f4xx_hal_dma_ex.o(i.DMA_MultiBufferSetConfig), (30 bytes).
    Removing stm32f4xx_hal_dma_ex.o(i.HAL_DMAEx_ChangeMemory), (14 bytes).
    Removing stm32f4xx_hal_dma_ex.o(i.HAL_DMAEx_MultiBufferStart), (100 bytes).
    Removing stm32f4xx_hal_dma_ex.o(i.HAL_DMAEx_MultiBufferStart_IT), (2432 bytes).
    Removing stm32f4xx_hal_dma.o(.rev16_text), (4 bytes).
    Removing stm32f4xx_hal_dma.o(.revsh_text), (4 bytes).
    Removing stm32f4xx_hal_dma.o(.rrx_text), (6 bytes).
    Removing stm32f4xx_hal_dma.o(i.DMA_CalcBaseAndBitshift), (40 bytes).
    Removing stm32f4xx_hal_dma.o(i.DMA_CheckFifoParam), (84 bytes).
    Removing stm32f4xx_hal_dma.o(i.DMA_SetConfig), (40 bytes).
    Removing stm32f4xx_hal_dma.o(i.HAL_DMA_Abort), (142 bytes).
    Removing stm32f4xx_hal_dma.o(i.HAL_DMA_DeInit), (98 bytes).
    Removing stm32f4xx_hal_dma.o(i.HAL_DMA_GetError), (4 bytes).
    Removing stm32f4xx_hal_dma.o(i.HAL_DMA_GetState), (6 bytes).
    Removing stm32f4xx_hal_dma.o(i.HAL_DMA_IRQHandler), (416 bytes).
    Removing stm32f4xx_hal_dma.o(i.HAL_DMA_Init), (212 bytes).
    Removing stm32f4xx_hal_dma.o(i.HAL_DMA_PollForTransfer), (292 bytes).
    Removing stm32f4xx_hal_dma.o(i.HAL_DMA_RegisterCallback), (80 bytes).
    Removing stm32f4xx_hal_dma.o(i.HAL_DMA_Start), (70 bytes).
    Removing stm32f4xx_hal_dma.o(i.HAL_DMA_Start_IT), (120 bytes).
    Removing stm32f4xx_hal_dma.o(i.HAL_DMA_UnRegisterCallback), (96 bytes).
    Removing stm32f4xx_hal_dma.o(.constdata), (8 bytes).
    Removing stm32f4xx_hal_pwr.o(.rev16_text), (4 bytes).
    Removing stm32f4xx_hal_pwr.o(.revsh_text), (4 bytes).
    Removing stm32f4xx_hal_pwr.o(.rrx_text), (6 bytes).
    Removing stm32f4xx_hal_pwr.o(i.HAL_PWR_ConfigPVD), (124 bytes).
    Removing stm32f4xx_hal_pwr.o(i.HAL_PWR_DeInit), (24 bytes).
    Removing stm32f4xx_hal_pwr.o(i.HAL_PWR_DisableBkUpAccess), (12 bytes).
    Removing stm32f4xx_hal_pwr.o(i.HAL_PWR_DisablePVD), (12 bytes).
    Removing stm32f4xx_hal_pwr.o(i.HAL_PWR_DisableSEVOnPend), (16 bytes).
    Removing stm32f4xx_hal_pwr.o(i.HAL_PWR_DisableSleepOnExit), (16 bytes).
    Removing stm32f4xx_hal_pwr.o(i.HAL_PWR_DisableWakeUpPin), (16 bytes).
    Removing stm32f4xx_hal_pwr.o(i.HAL_PWR_EnableBkUpAccess), (12 bytes).
    Removing stm32f4xx_hal_pwr.o(i.HAL_PWR_EnablePVD), (12 bytes).
    Removing stm32f4xx_hal_pwr.o(i.HAL_PWR_EnableSEVOnPend), (16 bytes).
    Removing stm32f4xx_hal_pwr.o(i.HAL_PWR_EnableSleepOnExit), (16 bytes).
    Removing stm32f4xx_hal_pwr.o(i.HAL_PWR_EnableWakeUpPin), (16 bytes).
    Removing stm32f4xx_hal_pwr.o(i.HAL_PWR_EnterSLEEPMode), (32 bytes).
    Removing stm32f4xx_hal_pwr.o(i.HAL_PWR_EnterSTANDBYMode), (32 bytes).
    Removing stm32f4xx_hal_pwr.o(i.HAL_PWR_EnterSTOPMode), (56 bytes).
    Removing stm32f4xx_hal_pwr.o(i.HAL_PWR_PVDCallback), (2 bytes).
    Removing stm32f4xx_hal_pwr.o(i.HAL_PWR_PVD_IRQHandler), (28 bytes).
    Removing stm32f4xx_hal_pwr_ex.o(.rev16_text), (4 bytes).
    Removing stm32f4xx_hal_pwr_ex.o(.revsh_text), (4 bytes).
    Removing stm32f4xx_hal_pwr_ex.o(.rrx_text), (6 bytes).
    Removing stm32f4xx_hal_pwr_ex.o(i.HAL_PWREx_ControlVoltageScaling), (176 bytes).
    Removing stm32f4xx_hal_pwr_ex.o(i.HAL_PWREx_DisableBkUpReg), (60 bytes).
    Removing stm32f4xx_hal_pwr_ex.o(i.HAL_PWREx_DisableFlashPowerDown), (12 bytes).
    Removing stm32f4xx_hal_pwr_ex.o(i.HAL_PWREx_DisableLowRegulatorLowVoltage), (12 bytes).
    Removing stm32f4xx_hal_pwr_ex.o(i.HAL_PWREx_DisableMainRegulatorLowVoltage), (12 bytes).
    Removing stm32f4xx_hal_pwr_ex.o(i.HAL_PWREx_EnableBkUpReg), (60 bytes).
    Removing stm32f4xx_hal_pwr_ex.o(i.HAL_PWREx_EnableFlashPowerDown), (12 bytes).
    Removing stm32f4xx_hal_pwr_ex.o(i.HAL_PWREx_EnableLowRegulatorLowVoltage), (12 bytes).
    Removing stm32f4xx_hal_pwr_ex.o(i.HAL_PWREx_EnableMainRegulatorLowVoltage), (12 bytes).
    Removing stm32f4xx_hal_pwr_ex.o(i.HAL_PWREx_GetVoltageRange), (16 bytes).
    Removing stm32f4xx_hal_cortex.o(.rev16_text), (4 bytes).
    Removing stm32f4xx_hal_cortex.o(.revsh_text), (4 bytes).
    Removing stm32f4xx_hal_cortex.o(.rrx_text), (6 bytes).
    Removing stm32f4xx_hal_cortex.o(i.HAL_MPU_ConfigRegion), (84 bytes).
    Removing stm32f4xx_hal_cortex.o(i.HAL_MPU_Disable), (28 bytes).
    Removing stm32f4xx_hal_cortex.o(i.HAL_MPU_Enable), (36 bytes).
    Removing stm32f4xx_hal_cortex.o(i.HAL_NVIC_ClearPendingIRQ), (26 bytes).
    Removing stm32f4xx_hal_cortex.o(i.HAL_NVIC_DisableIRQ), (34 bytes).
    Removing stm32f4xx_hal_cortex.o(i.HAL_NVIC_GetActive), (36 bytes).
    Removing stm32f4xx_hal_cortex.o(i.HAL_NVIC_GetPendingIRQ), (36 bytes).
    Removing stm32f4xx_hal_cortex.o(i.HAL_NVIC_GetPriority), (82 bytes).
    Removing stm32f4xx_hal_cortex.o(i.HAL_NVIC_GetPriorityGrouping), (16 bytes).
    Removing stm32f4xx_hal_cortex.o(i.HAL_NVIC_SetPendingIRQ), (26 bytes).
    Removing stm32f4xx_hal_cortex.o(i.HAL_NVIC_SystemReset), (36 bytes).
    Removing stm32f4xx_hal_cortex.o(i.HAL_SYSTICK_CLKSourceConfig), (24 bytes).
    Removing stm32f4xx_hal_cortex.o(i.HAL_SYSTICK_Callback), (2 bytes).
    Removing stm32f4xx_hal_cortex.o(i.HAL_SYSTICK_IRQHandler), (8 bytes).
    Removing stm32f4xx_hal.o(.rev16_text), (4 bytes).
    Removing stm32f4xx_hal.o(.revsh_text), (4 bytes).
    Removing stm32f4xx_hal.o(.rrx_text), (6 bytes).
    Removing stm32f4xx_hal.o(i.HAL_DBGMCU_DisableDBGSleepMode), (16 bytes).
    Removing stm32f4xx_hal.o(i.HAL_DBGMCU_DisableDBGStandbyMode), (16 bytes).
    Removing stm32f4xx_hal.o(i.HAL_DBGMCU_DisableDBGStopMode), (16 bytes).
    Removing stm32f4xx_hal.o(i.HAL_DBGMCU_EnableDBGSleepMode), (16 bytes).
    Removing stm32f4xx_hal.o(i.HAL_DBGMCU_EnableDBGStandbyMode), (16 bytes).
    Removing stm32f4xx_hal.o(i.HAL_DBGMCU_EnableDBGStopMode), (16 bytes).
    Removing stm32f4xx_hal.o(i.HAL_DeInit), (52 bytes).
    Removing stm32f4xx_hal.o(i.HAL_DisableCompensationCell), (12 bytes).
    Removing stm32f4xx_hal.o(i.HAL_EnableCompensationCell), (12 bytes).
    Removing stm32f4xx_hal.o(i.HAL_GetDEVID), (16 bytes).
    Removing stm32f4xx_hal.o(i.HAL_GetHalVersion), (8 bytes).
    Removing stm32f4xx_hal.o(i.HAL_GetREVID), (12 bytes).
    Removing stm32f4xx_hal.o(i.HAL_GetTickFreq), (12 bytes).
    Removing stm32f4xx_hal.o(i.HAL_GetTickPrio), (12 bytes).
    Removing stm32f4xx_hal.o(i.HAL_GetUIDw0), (12 bytes).
    Removing stm32f4xx_hal.o(i.HAL_GetUIDw1), (12 bytes).
    Removing stm32f4xx_hal.o(i.HAL_GetUIDw2), (12 bytes).
    Removing stm32f4xx_hal.o(i.HAL_MspDeInit), (2 bytes).
    Removing stm32f4xx_hal.o(i.HAL_MspInit), (2 bytes).
    Removing stm32f4xx_hal.o(i.HAL_ResumeTick), (14 bytes).
    Removing stm32f4xx_hal.o(i.HAL_SetTickFreq), (28 bytes).
    Removing stm32f4xx_hal.o(i.HAL_SuspendTick), (14 bytes).
    Removing stm32f4xx_hal_exti.o(.rev16_text), (4 bytes).
    Removing stm32f4xx_hal_exti.o(.revsh_text), (4 bytes).
    Removing stm32f4xx_hal_exti.o(.rrx_text), (6 bytes).
    Removing stm32f4xx_hal_exti.o(i.HAL_EXTI_ClearConfigLine), (56 bytes).
    Removing stm32f4xx_hal_exti.o(i.HAL_EXTI_ClearPending), (12 bytes).
    Removing stm32f4xx_hal_exti.o(i.HAL_EXTI_GenerateSWI), (12 bytes).
    Removing stm32f4xx_hal_exti.o(i.HAL_EXTI_GetConfigLine), (108 bytes).
    Removing stm32f4xx_hal_exti.o(i.HAL_EXTI_GetHandle), (12 bytes).
    Removing stm32f4xx_hal_exti.o(i.HAL_EXTI_GetPending), (28 bytes).
    Removing stm32f4xx_hal_exti.o(i.HAL_EXTI_IRQHandler), (28 bytes).
    Removing stm32f4xx_hal_exti.o(i.HAL_EXTI_RegisterCallback), (14 bytes).
    Removing stm32f4xx_hal_exti.o(i.HAL_EXTI_SetConfigLine), (112 bytes).
    Removing stm32f4xx_hal_spi.o(.rev16_text), (4 bytes).
    Removing stm32f4xx_hal_spi.o(.revsh_text), (4 bytes).
    Removing stm32f4xx_hal_spi.o(.rrx_text), (6 bytes).
    Removing stm32f4xx_hal_spi.o(i.HAL_SPI_Abort), (292 bytes).
    Removing stm32f4xx_hal_spi.o(i.HAL_SPI_AbortCpltCallback), (2 bytes).
    Removing stm32f4xx_hal_spi.o(i.HAL_SPI_Abort_IT), (292 bytes).
    Removing stm32f4xx_hal_spi.o(i.HAL_SPI_DMAPause), (38 bytes).
    Removing stm32f4xx_hal_spi.o(i.HAL_SPI_DMAResume), (38 bytes).
    Removing stm32f4xx_hal_spi.o(i.HAL_SPI_DMAStop), (66 bytes).
    Removing stm32f4xx_hal_spi.o(i.HAL_SPI_DeInit), (46 bytes).
    Removing stm32f4xx_hal_spi.o(i.HAL_SPI_ErrorCallback), (2 bytes).
    Removing stm32f4xx_hal_spi.o(i.HAL_SPI_GetError), (4 bytes).
    Removing stm32f4xx_hal_spi.o(i.HAL_SPI_GetState), (6 bytes).
    Removing stm32f4xx_hal_spi.o(i.HAL_SPI_IRQHandler), (252 bytes).
    Removing stm32f4xx_hal_spi.o(i.HAL_SPI_MspDeInit), (2 bytes).
    Removing stm32f4xx_hal_spi.o(i.HAL_SPI_MspInit), (2 bytes).
    Removing stm32f4xx_hal_spi.o(i.HAL_SPI_Receive), (336 bytes).
    Removing stm32f4xx_hal_spi.o(i.HAL_SPI_Receive_DMA), (232 bytes).
    Removing stm32f4xx_hal_spi.o(i.HAL_SPI_Receive_IT), (164 bytes).
    Removing stm32f4xx_hal_spi.o(i.HAL_SPI_RxCpltCallback), (2 bytes).
    Removing stm32f4xx_hal_spi.o(i.HAL_SPI_RxHalfCpltCallback), (2 bytes).
    Removing stm32f4xx_hal_spi.o(i.HAL_SPI_TransmitReceive), (482 bytes).
    Removing stm32f4xx_hal_spi.o(i.HAL_SPI_TransmitReceive_DMA), (292 bytes).
    Removing stm32f4xx_hal_spi.o(i.HAL_SPI_TransmitReceive_IT), (164 bytes).
    Removing stm32f4xx_hal_spi.o(i.HAL_SPI_Transmit_DMA), (204 bytes).
    Removing stm32f4xx_hal_spi.o(i.HAL_SPI_Transmit_IT), (140 bytes).
    Removing stm32f4xx_hal_spi.o(i.HAL_SPI_TxCpltCallback), (2 bytes).
    Removing stm32f4xx_hal_spi.o(i.HAL_SPI_TxHalfCpltCallback), (2 bytes).
    Removing stm32f4xx_hal_spi.o(i.HAL_SPI_TxRxCpltCallback), (2 bytes).
    Removing stm32f4xx_hal_spi.o(i.HAL_SPI_TxRxHalfCpltCallback), (2 bytes).
    Removing stm32f4xx_hal_spi.o(i.SPI_2linesRxISR_16BIT), (48 bytes).
    Removing stm32f4xx_hal_spi.o(i.SPI_2linesRxISR_8BIT), (48 bytes).
    Removing stm32f4xx_hal_spi.o(i.SPI_2linesTxISR_16BIT), (48 bytes).
    Removing stm32f4xx_hal_spi.o(i.SPI_2linesTxISR_8BIT), (48 bytes).
    Removing stm32f4xx_hal_spi.o(i.SPI_AbortRx_ISR), (80 bytes).
    Removing stm32f4xx_hal_spi.o(i.SPI_AbortTx_ISR), (28 bytes).
    Removing stm32f4xx_hal_spi.o(i.SPI_CloseRxTx_ISR), (144 bytes).
    Removing stm32f4xx_hal_spi.o(i.SPI_CloseRx_ISR), (76 bytes).
    Removing stm32f4xx_hal_spi.o(i.SPI_CloseTx_ISR), (124 bytes).
    Removing stm32f4xx_hal_spi.o(i.SPI_DMAAbortOnError), (16 bytes).
    Removing stm32f4xx_hal_spi.o(i.SPI_DMAError), (34 bytes).
    Removing stm32f4xx_hal_spi.o(i.SPI_DMAHalfReceiveCplt), (10 bytes).
    Removing stm32f4xx_hal_spi.o(i.SPI_DMAHalfTransmitCplt), (10 bytes).
    Removing stm32f4xx_hal_spi.o(i.SPI_DMAHalfTransmitReceiveCplt), (10 bytes).
    Removing stm32f4xx_hal_spi.o(i.SPI_DMAReceiveCplt), (84 bytes).
    Removing stm32f4xx_hal_spi.o(i.SPI_DMARxAbortCallback), (102 bytes).
    Removing stm32f4xx_hal_spi.o(i.SPI_DMATransmitCplt), (100 bytes).
    Removing stm32f4xx_hal_spi.o(i.SPI_DMATransmitReceiveCplt), (90 bytes).
    Removing stm32f4xx_hal_spi.o(i.SPI_DMATxAbortCallback), (116 bytes).
    Removing stm32f4xx_hal_spi.o(i.SPI_EndRxTransaction), (92 bytes).
    Removing stm32f4xx_hal_spi.o(i.SPI_RxISR_16BIT), (32 bytes).
    Removing stm32f4xx_hal_spi.o(i.SPI_RxISR_8BIT), (32 bytes).
    Removing stm32f4xx_hal_spi.o(i.SPI_TxISR_16BIT), (32 bytes).
    Removing stm32f4xx_hal_spi.o(i.SPI_TxISR_8BIT), (32 bytes).
    Removing stm32f4xx_hal_tim.o(.rev16_text), (4 bytes).
    Removing stm32f4xx_hal_tim.o(.revsh_text), (4 bytes).
    Removing stm32f4xx_hal_tim.o(.rrx_text), (6 bytes).
    Removing stm32f4xx_hal_tim_ex.o(.rev16_text), (4 bytes).
    Removing stm32f4xx_hal_tim_ex.o(.revsh_text), (4 bytes).
    Removing stm32f4xx_hal_tim_ex.o(.rrx_text), (6 bytes).
    Removing stm32f4xx_hal_uart.o(.rev16_text), (4 bytes).
    Removing stm32f4xx_hal_uart.o(.revsh_text), (4 bytes).
    Removing stm32f4xx_hal_uart.o(.rrx_text), (6 bytes).
    Removing stm32f4xx_hal_uart.o(i.HAL_HalfDuplex_EnableReceiver), (50 bytes).
    Removing stm32f4xx_hal_uart.o(i.HAL_HalfDuplex_EnableTransmitter), (50 bytes).
    Removing stm32f4xx_hal_uart.o(i.HAL_HalfDuplex_Init), (108 bytes).
    Removing stm32f4xx_hal_uart.o(i.HAL_LIN_Init), (128 bytes).
    Removing stm32f4xx_hal_uart.o(i.HAL_LIN_SendBreak), (46 bytes).
    Removing stm32f4xx_hal_uart.o(i.HAL_MultiProcessor_EnterMuteMode), (46 bytes).
    Removing stm32f4xx_hal_uart.o(i.HAL_MultiProcessor_ExitMuteMode), (46 bytes).
    Removing stm32f4xx_hal_uart.o(i.HAL_MultiProcessor_Init), (142 bytes).
    Removing stm32f4xx_hal_uart.o(i.HAL_UART_Abort), (138 bytes).
    Removing stm32f4xx_hal_uart.o(i.HAL_UART_AbortCpltCallback), (2 bytes).
    Removing stm32f4xx_hal_uart.o(i.HAL_UART_AbortReceive), (88 bytes).
    Removing stm32f4xx_hal_uart.o(i.HAL_UART_AbortReceiveCpltCallback), (2 bytes).
    Removing stm32f4xx_hal_uart.o(i.HAL_UART_AbortReceive_IT), (92 bytes).
    Removing stm32f4xx_hal_uart.o(i.HAL_UART_AbortTransmit), (78 bytes).
    Removing stm32f4xx_hal_uart.o(i.HAL_UART_AbortTransmitCpltCallback), (2 bytes).
    Removing stm32f4xx_hal_uart.o(i.HAL_UART_AbortTransmit_IT), (84 bytes).
    Removing stm32f4xx_hal_uart.o(i.HAL_UART_Abort_IT), (172 bytes).
    Removing stm32f4xx_hal_uart.o(i.HAL_UART_DMAPause), (102 bytes).
    Removing stm32f4xx_hal_uart.o(i.HAL_UART_DMAResume), (94 bytes).
    Removing stm32f4xx_hal_uart.o(i.HAL_UART_DMAStop), (88 bytes).
    Removing stm32f4xx_hal_uart.o(i.HAL_UART_DeInit), (50 bytes).
    Removing stm32f4xx_hal_uart.o(i.HAL_UART_GetError), (4 bytes).
    Removing stm32f4xx_hal_uart.o(i.HAL_UART_GetState), (10 bytes).
    Removing stm32f4xx_hal_uart.o(i.HAL_UART_MspDeInit), (2 bytes).
    Removing stm32f4xx_hal_uart.o(i.HAL_UART_MspInit), (2 bytes).
    Removing stm32f4xx_hal_uart.o(i.HAL_UART_Receive), (184 bytes).
    Removing stm32f4xx_hal_uart.o(i.HAL_UART_Receive_DMA), (152 bytes).
    Removing stm32f4xx_hal_uart.o(i.HAL_UART_Receive_IT), (82 bytes).
    Removing stm32f4xx_hal_uart.o(i.HAL_UART_RxHalfCpltCallback), (2 bytes).
    Removing stm32f4xx_hal_uart.o(i.HAL_UART_Transmit), (186 bytes).
    Removing stm32f4xx_hal_uart.o(i.HAL_UART_Transmit_DMA), (128 bytes).
    Removing stm32f4xx_hal_uart.o(i.HAL_UART_Transmit_IT), (62 bytes).
    Removing stm32f4xx_hal_uart.o(i.HAL_UART_TxHalfCpltCallback), (2 bytes).
    Removing stm32f4xx_hal_uart.o(i.UART_DMAError), (74 bytes).
    Removing stm32f4xx_hal_uart.o(i.UART_DMAReceiveCplt), (60 bytes).
    Removing stm32f4xx_hal_uart.o(i.UART_DMARxAbortCallback), (42 bytes).
    Removing stm32f4xx_hal_uart.o(i.UART_DMARxHalfCplt), (10 bytes).
    Removing stm32f4xx_hal_uart.o(i.UART_DMARxOnlyAbortCallback), (20 bytes).
    Removing stm32f4xx_hal_uart.o(i.UART_DMATransmitCplt), (46 bytes).
    Removing stm32f4xx_hal_uart.o(i.UART_DMATxAbortCallback), (42 bytes).
    Removing stm32f4xx_hal_uart.o(i.UART_DMATxHalfCplt), (10 bytes).
    Removing stm32f4xx_hal_uart.o(i.UART_DMATxOnlyAbortCallback), (20 bytes).
    Removing stm32f4xx_hal_uart.o(i.UART_EndTxTransfer), (18 bytes).
    Removing stm32f4xx_hal_uart.o(i.UART_WaitOnFlagUntilTimeout), (100 bytes).
    Removing system_stm32f4xx.o(.rev16_text), (4 bytes).
    Removing system_stm32f4xx.o(.revsh_text), (4 bytes).
    Removing system_stm32f4xx.o(.rrx_text), (6 bytes).
    Removing system_stm32f4xx.o(i.SystemCoreClockUpdate), (124 bytes).

376 unused section(s) (total 22504 bytes) removed from the image.

==============================================================================

Image Symbol Table

    Local Symbols

    Symbol Name                              Value     Ov Type        Size  Object(Section)

    ../Drivers/STM32F4xx_HAL_Driver/Src/stm32f4xx_hal.c 0x00000000   Number         0  stm32f4xx_hal.o ABSOLUTE
    ../Drivers/STM32F4xx_HAL_Driver/Src/stm32f4xx_hal_cortex.c 0x00000000   Number         0  stm32f4xx_hal_cortex.o ABSOLUTE
    ../Drivers/STM32F4xx_HAL_Driver/Src/stm32f4xx_hal_dma.c 0x00000000   Number         0  stm32f4xx_hal_dma.o ABSOLUTE
    ../Drivers/STM32F4xx_HAL_Driver/Src/stm32f4xx_hal_dma_ex.c 0x00000000   Number         0  stm32f4xx_hal_dma_ex.o ABSOLUTE
    ../Drivers/STM32F4xx_HAL_Driver/Src/stm32f4xx_hal_exti.c 0x00000000   Number         0  stm32f4xx_hal_exti.o ABSOLUTE
    ../Drivers/STM32F4xx_HAL_Driver/Src/stm32f4xx_hal_flash.c 0x00000000   Number         0  stm32f4xx_hal_flash.o ABSOLUTE
    ../Drivers/STM32F4xx_HAL_Driver/Src/stm32f4xx_hal_flash_ex.c 0x00000000   Number         0  stm32f4xx_hal_flash_ex.o ABSOLUTE
    ../Drivers/STM32F4xx_HAL_Driver/Src/stm32f4xx_hal_flash_ramfunc.c 0x00000000   Number         0  stm32f4xx_hal_flash_ramfunc.o ABSOLUTE
    ../Drivers/STM32F4xx_HAL_Driver/Src/stm32f4xx_hal_gpio.c 0x00000000   Number         0  stm32f4xx_hal_gpio.o ABSOLUTE
    ../Drivers/STM32F4xx_HAL_Driver/Src/stm32f4xx_hal_pwr.c 0x00000000   Number         0  stm32f4xx_hal_pwr.o ABSOLUTE
    ../Drivers/STM32F4xx_HAL_Driver/Src/stm32f4xx_hal_pwr_ex.c 0x00000000   Number         0  stm32f4xx_hal_pwr_ex.o ABSOLUTE
    ../Drivers/STM32F4xx_HAL_Driver/Src/stm32f4xx_hal_rcc.c 0x00000000   Number         0  stm32f4xx_hal_rcc.o ABSOLUTE
    ../Drivers/STM32F4xx_HAL_Driver/Src/stm32f4xx_hal_rcc_ex.c 0x00000000   Number         0  stm32f4xx_hal_rcc_ex.o ABSOLUTE
    ../Drivers/STM32F4xx_HAL_Driver/Src/stm32f4xx_hal_rtc.c 0x00000000   Number         0  stm32f4xx_hal_rtc.o ABSOLUTE
    ../Drivers/STM32F4xx_HAL_Driver/Src/stm32f4xx_hal_rtc_ex.c 0x00000000   Number         0  stm32f4xx_hal_rtc_ex.o ABSOLUTE
    ../Drivers/STM32F4xx_HAL_Driver/Src/stm32f4xx_hal_spi.c 0x00000000   Number         0  stm32f4xx_hal_spi.o ABSOLUTE
    ../Drivers/STM32F4xx_HAL_Driver/Src/stm32f4xx_hal_tim.c 0x00000000   Number         0  stm32f4xx_hal_tim.o ABSOLUTE
    ../Drivers/STM32F4xx_HAL_Driver/Src/stm32f4xx_hal_tim_ex.c 0x00000000   Number         0  stm32f4xx_hal_tim_ex.o ABSOLUTE
    ../Drivers/STM32F4xx_HAL_Driver/Src/stm32f4xx_hal_uart.c 0x00000000   Number         0  stm32f4xx_hal_uart.o ABSOLUTE
    ../Src/gpio.c                            0x00000000   Number         0  gpio.o ABSOLUTE
    ../Src/main.c                            0x00000000   Number         0  main.o ABSOLUTE
    ../Src/rtc.c                             0x00000000   Number         0  rtc.o ABSOLUTE
    ../Src/spi.c                             0x00000000   Number         0  spi.o ABSOLUTE
    ../Src/stm32f4xx_hal_msp.c               0x00000000   Number         0  stm32f4xx_hal_msp.o ABSOLUTE
    ../Src/stm32f4xx_it.c                    0x00000000   Number         0  stm32f4xx_it.o ABSOLUTE
    ../Src/sys.c                             0x00000000   Number         0  sys.o ABSOLUTE
    ../Src/system_stm32f4xx.c                0x00000000   Number         0  system_stm32f4xx.o ABSOLUTE
    ../Src/usart.c                           0x00000000   Number         0  usart.o ABSOLUTE
    ../clib/microlib/division.c              0x00000000   Number         0  uldiv.o ABSOLUTE
    ../clib/microlib/init/entry.s            0x00000000   Number         0  entry7b.o ABSOLUTE
    ../clib/microlib/init/entry.s            0x00000000   Number         0  entry7a.o ABSOLUTE
    ../clib/microlib/init/entry.s            0x00000000   Number         0  entry8a.o ABSOLUTE
    ../clib/microlib/init/entry.s            0x00000000   Number         0  entry5.o ABSOLUTE
    ../clib/microlib/init/entry.s            0x00000000   Number         0  entry8b.o ABSOLUTE
    ../clib/microlib/init/entry.s            0x00000000   Number         0  entry2.o ABSOLUTE
    ../clib/microlib/init/entry.s            0x00000000   Number         0  entry10a.o ABSOLUTE
    ../clib/microlib/init/entry.s            0x00000000   Number         0  entry10b.o ABSOLUTE
    ../clib/microlib/init/entry.s            0x00000000   Number         0  entry11a.o ABSOLUTE
    ../clib/microlib/init/entry.s            0x00000000   Number         0  entry9a.o ABSOLUTE
    ../clib/microlib/init/entry.s            0x00000000   Number         0  entry.o ABSOLUTE
    ../clib/microlib/init/entry.s            0x00000000   Number         0  entry11b.o ABSOLUTE
    ../clib/microlib/init/entry.s            0x00000000   Number         0  entry9b.o ABSOLUTE
    ../clib/microlib/longlong.c              0x00000000   Number         0  llshl.o ABSOLUTE
    ../clib/microlib/longlong.c              0x00000000   Number         0  llushr.o ABSOLUTE
    ../clib/microlib/string/memset.c         0x00000000   Number         0  memseta.o ABSOLUTE
    ..\Drivers\STM32F4xx_HAL_Driver\Src\stm32f4xx_hal.c 0x00000000   Number         0  stm32f4xx_hal.o ABSOLUTE
    ..\Drivers\STM32F4xx_HAL_Driver\Src\stm32f4xx_hal_cortex.c 0x00000000   Number         0  stm32f4xx_hal_cortex.o ABSOLUTE
    ..\Drivers\STM32F4xx_HAL_Driver\Src\stm32f4xx_hal_dma.c 0x00000000   Number         0  stm32f4xx_hal_dma.o ABSOLUTE
    ..\Drivers\STM32F4xx_HAL_Driver\Src\stm32f4xx_hal_dma_ex.c 0x00000000   Number         0  stm32f4xx_hal_dma_ex.o ABSOLUTE
    ..\Drivers\STM32F4xx_HAL_Driver\Src\stm32f4xx_hal_exti.c 0x00000000   Number         0  stm32f4xx_hal_exti.o ABSOLUTE
    ..\Drivers\STM32F4xx_HAL_Driver\Src\stm32f4xx_hal_flash.c 0x00000000   Number         0  stm32f4xx_hal_flash.o ABSOLUTE
    ..\Drivers\STM32F4xx_HAL_Driver\Src\stm32f4xx_hal_flash_ex.c 0x00000000   Number         0  stm32f4xx_hal_flash_ex.o ABSOLUTE
    ..\Drivers\STM32F4xx_HAL_Driver\Src\stm32f4xx_hal_flash_ramfunc.c 0x00000000   Number         0  stm32f4xx_hal_flash_ramfunc.o ABSOLUTE
    ..\Drivers\STM32F4xx_HAL_Driver\Src\stm32f4xx_hal_gpio.c 0x00000000   Number         0  stm32f4xx_hal_gpio.o ABSOLUTE
    ..\Drivers\STM32F4xx_HAL_Driver\Src\stm32f4xx_hal_pwr.c 0x00000000   Number         0  stm32f4xx_hal_pwr.o ABSOLUTE
    ..\Drivers\STM32F4xx_HAL_Driver\Src\stm32f4xx_hal_pwr_ex.c 0x00000000   Number         0  stm32f4xx_hal_pwr_ex.o ABSOLUTE
    ..\Drivers\STM32F4xx_HAL_Driver\Src\stm32f4xx_hal_rcc.c 0x00000000   Number         0  stm32f4xx_hal_rcc.o ABSOLUTE
    ..\Drivers\STM32F4xx_HAL_Driver\Src\stm32f4xx_hal_rcc_ex.c 0x00000000   Number         0  stm32f4xx_hal_rcc_ex.o ABSOLUTE
    ..\Drivers\STM32F4xx_HAL_Driver\Src\stm32f4xx_hal_rtc.c 0x00000000   Number         0  stm32f4xx_hal_rtc.o ABSOLUTE
    ..\Drivers\STM32F4xx_HAL_Driver\Src\stm32f4xx_hal_rtc_ex.c 0x00000000   Number         0  stm32f4xx_hal_rtc_ex.o ABSOLUTE
    ..\Drivers\STM32F4xx_HAL_Driver\Src\stm32f4xx_hal_spi.c 0x00000000   Number         0  stm32f4xx_hal_spi.o ABSOLUTE
    ..\Drivers\STM32F4xx_HAL_Driver\Src\stm32f4xx_hal_tim.c 0x00000000   Number         0  stm32f4xx_hal_tim.o ABSOLUTE
    ..\Drivers\STM32F4xx_HAL_Driver\Src\stm32f4xx_hal_tim_ex.c 0x00000000   Number         0  stm32f4xx_hal_tim_ex.o ABSOLUTE
    ..\Drivers\STM32F4xx_HAL_Driver\Src\stm32f4xx_hal_uart.c 0x00000000   Number         0  stm32f4xx_hal_uart.o ABSOLUTE
    ..\Src\gpio.c                            0x00000000   Number         0  gpio.o ABSOLUTE
    ..\Src\main.c                            0x00000000   Number         0  main.o ABSOLUTE
    ..\Src\rtc.c                             0x00000000   Number         0  rtc.o ABSOLUTE
    ..\Src\spi.c                             0x00000000   Number         0  spi.o ABSOLUTE
    ..\Src\stm32f4xx_hal_msp.c               0x00000000   Number         0  stm32f4xx_hal_msp.o ABSOLUTE
    ..\Src\stm32f4xx_it.c                    0x00000000   Number         0  stm32f4xx_it.o ABSOLUTE
    ..\Src\sys.c                             0x00000000   Number         0  sys.o ABSOLUTE
    ..\Src\system_stm32f4xx.c                0x00000000   Number         0  system_stm32f4xx.o ABSOLUTE
    ..\Src\usart.c                           0x00000000   Number         0  usart.o ABSOLUTE
    dc.s                                     0x00000000   Number         0  dc.o ABSOLUTE
    handlers.s                               0x00000000   Number         0  handlers.o ABSOLUTE
    init.s                                   0x00000000   Number         0  init.o ABSOLUTE
    startup_stm32f401xc.s                    0x00000000   Number         0  startup_stm32f401xc.o ABSOLUTE
    RESET                                    0x08000000   Section      404  startup_stm32f401xc.o(RESET)
    .ARM.Collect$$$$00000000                 0x08000194   Section        0  entry.o(.ARM.Collect$$$$00000000)
    .ARM.Collect$$$$00000001                 0x08000194   Section        4  entry2.o(.ARM.Collect$$$$00000001)
    .ARM.Collect$$$$00000004                 0x08000198   Section        4  entry5.o(.ARM.Collect$$$$00000004)
    .ARM.Collect$$$$00000008                 0x0800019c   Section        0  entry7b.o(.ARM.Collect$$$$00000008)
    .ARM.Collect$$$$0000000A                 0x0800019c   Section        0  entry8b.o(.ARM.Collect$$$$0000000A)
    .ARM.Collect$$$$0000000B                 0x0800019c   Section        8  entry9a.o(.ARM.Collect$$$$0000000B)
    .ARM.Collect$$$$0000000D                 0x080001a4   Section        0  entry10a.o(.ARM.Collect$$$$0000000D)
    .ARM.Collect$$$$0000000F                 0x080001a4   Section        0  entry11a.o(.ARM.Collect$$$$0000000F)
    .ARM.Collect$$$$00002712                 0x080001a4   Section        4  entry2.o(.ARM.Collect$$$$00002712)
    __lit__00000000                          0x080001a4   Data           4  entry2.o(.ARM.Collect$$$$00002712)
    .text                                    0x080001a8   Section       36  startup_stm32f401xc.o(.text)
    $v0                                      0x080001a8   Number         0  startup_stm32f401xc.o(.text)
    .text                                    0x080001cc   Section        0  uldiv.o(.text)
    .text                                    0x0800022e   Section        0  memseta.o(.text)
    .text                                    0x08000252   Section        0  llshl.o(.text)
    .text                                    0x08000270   Section        0  llushr.o(.text)
    .text                                    0x08000290   Section       36  init.o(.text)
    i.BusFault_Handler                       0x080002b4   Section        0  stm32f4xx_it.o(i.BusFault_Handler)
    i.DebugMon_Handler                       0x080002b6   Section        0  stm32f4xx_it.o(i.DebugMon_Handler)
    i.EPD_W21_WriteCMD                       0x080002b8   Section        0  main.o(i.EPD_W21_WriteCMD)
    i.EPD_W21_WriteDATA                      0x080002f8   Section        0  main.o(i.EPD_W21_WriteDATA)
    i.EPD_init                               0x08000338   Section        0  main.o(i.EPD_init)
    i.EPD_refresh                            0x0800045c   Section        0  main.o(i.EPD_refresh)
    i.EPD_sleep                              0x0800047c   Section        0  main.o(i.EPD_sleep)
    i.Error_Handler                          0x0800048e   Section        0  main.o(i.Error_Handler)
    i.HAL_DMA_Abort_IT                       0x08000490   Section        0  stm32f4xx_hal_dma.o(i.HAL_DMA_Abort_IT)
    i.HAL_Delay                              0x080004b4   Section        0  stm32f4xx_hal.o(i.HAL_Delay)
    i.HAL_GPIO_Init                          0x080004d8   Section        0  stm32f4xx_hal_gpio.o(i.HAL_GPIO_Init)
    i.HAL_GPIO_WritePin                      0x08000660   Section        0  stm32f4xx_hal_gpio.o(i.HAL_GPIO_WritePin)
    i.HAL_GetTick                            0x0800066c   Section        0  stm32f4xx_hal.o(i.HAL_GetTick)
    i.HAL_IncTick                            0x08000678   Section        0  stm32f4xx_hal.o(i.HAL_IncTick)
    i.HAL_Init                               0x08000688   Section        0  stm32f4xx_hal.o(i.HAL_Init)
    i.HAL_InitTick                           0x080006bc   Section        0  stm32f4xx_hal.o(i.HAL_InitTick)
    i.HAL_MspInit                            0x080006fc   Section        0  stm32f4xx_hal_msp.o(i.HAL_MspInit)
    i.HAL_NVIC_EnableIRQ                     0x0800072c   Section        0  stm32f4xx_hal_cortex.o(i.HAL_NVIC_EnableIRQ)
    i.HAL_NVIC_SetPriority                   0x08000748   Section        0  stm32f4xx_hal_cortex.o(i.HAL_NVIC_SetPriority)
    i.HAL_NVIC_SetPriorityGrouping           0x08000788   Section        0  stm32f4xx_hal_cortex.o(i.HAL_NVIC_SetPriorityGrouping)
    i.HAL_RCCEx_PeriphCLKConfig              0x080007ac   Section        0  stm32f4xx_hal_rcc_ex.o(i.HAL_RCCEx_PeriphCLKConfig)
    i.HAL_RCC_ClockConfig                    0x080008fc   Section        0  stm32f4xx_hal_rcc.o(i.HAL_RCC_ClockConfig)
    i.HAL_RCC_GetPCLK1Freq                   0x08000a2c   Section        0  stm32f4xx_hal_rcc.o(i.HAL_RCC_GetPCLK1Freq)
    i.HAL_RCC_GetPCLK2Freq                   0x08000a4c   Section        0  stm32f4xx_hal_rcc.o(i.HAL_RCC_GetPCLK2Freq)
    i.HAL_RCC_GetSysClockFreq                0x08000a6c   Section        0  stm32f4xx_hal_rcc.o(i.HAL_RCC_GetSysClockFreq)
    i.HAL_RCC_OscConfig                      0x08000ad0   Section        0  stm32f4xx_hal_rcc.o(i.HAL_RCC_OscConfig)
    i.HAL_RTC_Init                           0x08000dec   Section        0  stm32f4xx_hal_rtc.o(i.HAL_RTC_Init)
    i.HAL_RTC_MspInit                        0x08000e98   Section        0  rtc.o(i.HAL_RTC_MspInit)
    i.HAL_RTC_SetDate                        0x08000eb0   Section        0  stm32f4xx_hal_rtc.o(i.HAL_RTC_SetDate)
    i.HAL_RTC_SetTime                        0x08000f78   Section        0  stm32f4xx_hal_rtc.o(i.HAL_RTC_SetTime)
    i.HAL_RTC_WaitForSynchro                 0x08001064   Section        0  stm32f4xx_hal_rtc.o(i.HAL_RTC_WaitForSynchro)
    i.HAL_SPI_Init                           0x0800109a   Section        0  stm32f4xx_hal_spi.o(i.HAL_SPI_Init)
    i.HAL_SPI_MspInit                        0x0800111c   Section        0  spi.o(i.HAL_SPI_MspInit)
    i.HAL_SPI_Transmit                       0x08001188   Section        0  stm32f4xx_hal_spi.o(i.HAL_SPI_Transmit)
    i.HAL_SYSTICK_Config                     0x080012e4   Section        0  stm32f4xx_hal_cortex.o(i.HAL_SYSTICK_Config)
    i.HAL_UART_ErrorCallback                 0x0800130c   Section        0  stm32f4xx_hal_uart.o(i.HAL_UART_ErrorCallback)
    i.HAL_UART_IRQHandler                    0x08001310   Section        0  stm32f4xx_hal_uart.o(i.HAL_UART_IRQHandler)
    i.HAL_UART_Init                          0x08001420   Section        0  stm32f4xx_hal_uart.o(i.HAL_UART_Init)
    i.HAL_UART_MspInit                       0x08001484   Section        0  usart.o(i.HAL_UART_MspInit)
    i.HAL_UART_RxCpltCallback                0x080014fc   Section        0  stm32f4xx_hal_uart.o(i.HAL_UART_RxCpltCallback)
    i.HAL_UART_TxCpltCallback                0x080014fe   Section        0  stm32f4xx_hal_uart.o(i.HAL_UART_TxCpltCallback)
    i.HardFault_Handler                      0x08001500   Section        0  stm32f4xx_it.o(i.HardFault_Handler)
    i.MX_GPIO_Init                           0x08001504   Section        0  gpio.o(i.MX_GPIO_Init)
    i.MX_RTC_Init                            0x080015d4   Section        0  rtc.o(i.MX_RTC_Init)
    i.MX_SPI2_Init                           0x08001654   Section        0  spi.o(i.MX_SPI2_Init)
    i.MX_USART2_UART_Init                    0x0800169c   Section        0  usart.o(i.MX_USART2_UART_Init)
    i.MemManage_Handler                      0x080016d4   Section        0  stm32f4xx_it.o(i.MemManage_Handler)
    i.NMI_Handler                            0x080016d6   Section        0  stm32f4xx_it.o(i.NMI_Handler)
    i.PIC_display                            0x080016d8   Section        0  main.o(i.PIC_display)
    i.PendSV_Handler                         0x08001710   Section        0  stm32f4xx_it.o(i.PendSV_Handler)
    i.RTC_ByteToBcd2                         0x08001712   Section        0  stm32f4xx_hal_rtc.o(i.RTC_ByteToBcd2)
    i.RTC_EnterInitMode                      0x08001728   Section        0  stm32f4xx_hal_rtc.o(i.RTC_EnterInitMode)
    i.SPI_EndRxTxTransaction                 0x08001764   Section        0  stm32f4xx_hal_spi.o(i.SPI_EndRxTxTransaction)
    SPI_EndRxTxTransaction                   0x08001765   Thumb Code    80  stm32f4xx_hal_spi.o(i.SPI_EndRxTxTransaction)
    i.SPI_WaitFlagStateUntilTimeout          0x080017bc   Section        0  stm32f4xx_hal_spi.o(i.SPI_WaitFlagStateUntilTimeout)
    SPI_WaitFlagStateUntilTimeout            0x080017bd   Thumb Code   148  stm32f4xx_hal_spi.o(i.SPI_WaitFlagStateUntilTimeout)
    i.SVC_Handler                            0x08001850   Section        0  stm32f4xx_it.o(i.SVC_Handler)
    i.SysTick_Handler                        0x08001852   Section        0  stm32f4xx_it.o(i.SysTick_Handler)
    i.SystemClock_Config                     0x08001858   Section        0  main.o(i.SystemClock_Config)
    i.SystemInit                             0x080018e4   Section        0  system_stm32f4xx.o(i.SystemInit)
    i.UART_DMAAbortOnError                   0x08001938   Section        0  stm32f4xx_hal_uart.o(i.UART_DMAAbortOnError)
    UART_DMAAbortOnError                     0x08001939   Thumb Code    16  stm32f4xx_hal_uart.o(i.UART_DMAAbortOnError)
    i.UART_EndRxTransfer                     0x08001948   Section        0  stm32f4xx_hal_uart.o(i.UART_EndRxTransfer)
    UART_EndRxTransfer                       0x08001949   Thumb Code    28  stm32f4xx_hal_uart.o(i.UART_EndRxTransfer)
    i.UART_Receive_IT                        0x08001964   Section        0  stm32f4xx_hal_uart.o(i.UART_Receive_IT)
    UART_Receive_IT                          0x08001965   Thumb Code   150  stm32f4xx_hal_uart.o(i.UART_Receive_IT)
    i.UART_SetConfig                         0x080019fc   Section        0  stm32f4xx_hal_uart.o(i.UART_SetConfig)
    UART_SetConfig                           0x080019fd   Thumb Code   676  stm32f4xx_hal_uart.o(i.UART_SetConfig)
    i.UART_Transmit_IT                       0x08001ca8   Section        0  stm32f4xx_hal_uart.o(i.UART_Transmit_IT)
    UART_Transmit_IT                         0x08001ca9   Thumb Code    98  stm32f4xx_hal_uart.o(i.UART_Transmit_IT)
    i.USART2_IRQHandler                      0x08001d0c   Section        0  stm32f4xx_it.o(i.USART2_IRQHandler)
    i.UsageFault_Handler                     0x08001d18   Section        0  stm32f4xx_it.o(i.UsageFault_Handler)
    i.__NVIC_SetPriority                     0x08001d1a   Section        0  stm32f4xx_hal_cortex.o(i.__NVIC_SetPriority)
    __NVIC_SetPriority                       0x08001d1b   Thumb Code    32  stm32f4xx_hal_cortex.o(i.__NVIC_SetPriority)
    i.__scatterload_copy                     0x08001d3a   Section       14  handlers.o(i.__scatterload_copy)
    i.__scatterload_null                     0x08001d48   Section        2  handlers.o(i.__scatterload_null)
    i.__scatterload_zeroinit                 0x08001d4a   Section       14  handlers.o(i.__scatterload_zeroinit)
    i.main                                   0x08001d58   Section        0  main.o(i.main)
    .constdata                               0x08001da0   Section    15000  main.o(.constdata)
    .constdata                               0x08005838   Section       16  system_stm32f4xx.o(.constdata)
    .constdata                               0x08005848   Section        8  system_stm32f4xx.o(.constdata)
    .data                                    0x20000000   Section       12  stm32f4xx_hal.o(.data)
    .data                                    0x2000000c   Section        4  system_stm32f4xx.o(.data)
    .bss                                     0x20000010   Section       32  rtc.o(.bss)
    .bss                                     0x20000030   Section       88  spi.o(.bss)
    .bss                                     0x20000088   Section       64  usart.o(.bss)
    STACK                                    0x200000c8   Section     1024  startup_stm32f401xc.o(STACK)

    Global Symbols

    Symbol Name                              Value     Ov Type        Size  Object(Section)

    BuildAttributes$$THM_ISAv4$E$P$D$K$B$S$7EM$VFPi3$EXTD16$VFPS$VFMA$PE$A:L22UL41UL21$X:L11$S22US41US21$IEEE1$IW$USESV6$~STKCKD$USESV7$~SHL$OSPACE$EBA8$MICROLIB$REQ8$PRES8$EABIv2 0x00000000   Number         0  anon$$obj.o ABSOLUTE
    __ARM_use_no_argv                        0x00000000   Number         0  main.o ABSOLUTE
    __cpp_initialize__aeabi_                  - Undefined Weak Reference
    __cxa_finalize                            - Undefined Weak Reference
    __decompress                              - Undefined Weak Reference
    _clock_init                               - Undefined Weak Reference
    _microlib_exit                            - Undefined Weak Reference
    __Vectors_Size                           0x00000194   Number         0  startup_stm32f401xc.o ABSOLUTE
    __Vectors                                0x08000000   Data           4  startup_stm32f401xc.o(RESET)
    __Vectors_End                            0x08000194   Data           0  startup_stm32f401xc.o(RESET)
    __main                                   0x08000195   Thumb Code     0  entry.o(.ARM.Collect$$$$00000000)
    _main_stk                                0x08000195   Thumb Code     0  entry2.o(.ARM.Collect$$$$00000001)
    _main_scatterload                        0x08000199   Thumb Code     0  entry5.o(.ARM.Collect$$$$00000004)
    __main_after_scatterload                 0x0800019d   Thumb Code     0  entry5.o(.ARM.Collect$$$$00000004)
    _main_clock                              0x0800019d   Thumb Code     0  entry7b.o(.ARM.Collect$$$$00000008)
    _main_cpp_init                           0x0800019d   Thumb Code     0  entry8b.o(.ARM.Collect$$$$0000000A)
    _main_init                               0x0800019d   Thumb Code     0  entry9a.o(.ARM.Collect$$$$0000000B)
    __rt_final_cpp                           0x080001a5   Thumb Code     0  entry10a.o(.ARM.Collect$$$$0000000D)
    __rt_final_exit                          0x080001a5   Thumb Code     0  entry11a.o(.ARM.Collect$$$$0000000F)
    Reset_Handler                            0x080001a9   Thumb Code     8  startup_stm32f401xc.o(.text)
    ADC_IRQHandler                           0x080001c3   Thumb Code     0  startup_stm32f401xc.o(.text)
    DMA1_Stream0_IRQHandler                  0x080001c3   Thumb Code     0  startup_stm32f401xc.o(.text)
    DMA1_Stream1_IRQHandler                  0x080001c3   Thumb Code     0  startup_stm32f401xc.o(.text)
    DMA1_Stream2_IRQHandler                  0x080001c3   Thumb Code     0  startup_stm32f401xc.o(.text)
    DMA1_Stream3_IRQHandler                  0x080001c3   Thumb Code     0  startup_stm32f401xc.o(.text)
    DMA1_Stream4_IRQHandler                  0x080001c3   Thumb Code     0  startup_stm32f401xc.o(.text)
    DMA1_Stream5_IRQHandler                  0x080001c3   Thumb Code     0  startup_stm32f401xc.o(.text)
    DMA1_Stream6_IRQHandler                  0x080001c3   Thumb Code     0  startup_stm32f401xc.o(.text)
    DMA1_Stream7_IRQHandler                  0x080001c3   Thumb Code     0  startup_stm32f401xc.o(.text)
    DMA2_Stream0_IRQHandler                  0x080001c3   Thumb Code     0  startup_stm32f401xc.o(.text)
    DMA2_Stream1_IRQHandler                  0x080001c3   Thumb Code     0  startup_stm32f401xc.o(.text)
    DMA2_Stream2_IRQHandler                  0x080001c3   Thumb Code     0  startup_stm32f401xc.o(.text)
    DMA2_Stream3_IRQHandler                  0x080001c3   Thumb Code     0  startup_stm32f401xc.o(.text)
    DMA2_Stream4_IRQHandler                  0x080001c3   Thumb Code     0  startup_stm32f401xc.o(.text)
    DMA2_Stream5_IRQHandler                  0x080001c3   Thumb Code     0  startup_stm32f401xc.o(.text)
    DMA2_Stream6_IRQHandler                  0x080001c3   Thumb Code     0  startup_stm32f401xc.o(.text)
    DMA2_Stream7_IRQHandler                  0x080001c3   Thumb Code     0  startup_stm32f401xc.o(.text)
    EXTI0_IRQHandler                         0x080001c3   Thumb Code     0  startup_stm32f401xc.o(.text)
    EXTI15_10_IRQHandler                     0x080001c3   Thumb Code     0  startup_stm32f401xc.o(.text)
    EXTI1_IRQHandler                         0x080001c3   Thumb Code     0  startup_stm32f401xc.o(.text)
    EXTI2_IRQHandler                         0x080001c3   Thumb Code     0  startup_stm32f401xc.o(.text)
    EXTI3_IRQHandler                         0x080001c3   Thumb Code     0  startup_stm32f401xc.o(.text)
    EXTI4_IRQHandler                         0x080001c3   Thumb Code     0  startup_stm32f401xc.o(.text)
    EXTI9_5_IRQHandler                       0x080001c3   Thumb Code     0  startup_stm32f401xc.o(.text)
    FLASH_IRQHandler                         0x080001c3   Thumb Code     0  startup_stm32f401xc.o(.text)
    FPU_IRQHandler                           0x080001c3   Thumb Code     0  startup_stm32f401xc.o(.text)
    I2C1_ER_IRQHandler                       0x080001c3   Thumb Code     0  startup_stm32f401xc.o(.text)
    I2C1_EV_IRQHandler                       0x080001c3   Thumb Code     0  startup_stm32f401xc.o(.text)
    I2C2_ER_IRQHandler                       0x080001c3   Thumb Code     0  startup_stm32f401xc.o(.text)
    I2C2_EV_IRQHandler                       0x080001c3   Thumb Code     0  startup_stm32f401xc.o(.text)
    I2C3_ER_IRQHandler                       0x080001c3   Thumb Code     0  startup_stm32f401xc.o(.text)
    I2C3_EV_IRQHandler                       0x080001c3   Thumb Code     0  startup_stm32f401xc.o(.text)
    OTG_FS_IRQHandler                        0x080001c3   Thumb Code     0  startup_stm32f401xc.o(.text)
    OTG_FS_WKUP_IRQHandler                   0x080001c3   Thumb Code     0  startup_stm32f401xc.o(.text)
    PVD_IRQHandler                           0x080001c3   Thumb Code     0  startup_stm32f401xc.o(.text)
    RCC_IRQHandler                           0x080001c3   Thumb Code     0  startup_stm32f401xc.o(.text)
    RTC_Alarm_IRQHandler                     0x080001c3   Thumb Code     0  startup_stm32f401xc.o(.text)
    RTC_WKUP_IRQHandler                      0x080001c3   Thumb Code     0  startup_stm32f401xc.o(.text)
    SDIO_IRQHandler                          0x080001c3   Thumb Code     0  startup_stm32f401xc.o(.text)
    SPI1_IRQHandler                          0x080001c3   Thumb Code     0  startup_stm32f401xc.o(.text)
    SPI2_IRQHandler                          0x080001c3   Thumb Code     0  startup_stm32f401xc.o(.text)
    SPI3_IRQHandler                          0x080001c3   Thumb Code     0  startup_stm32f401xc.o(.text)
    SPI4_IRQHandler                          0x080001c3   Thumb Code     0  startup_stm32f401xc.o(.text)
    TAMP_STAMP_IRQHandler                    0x080001c3   Thumb Code     0  startup_stm32f401xc.o(.text)
    TIM1_BRK_TIM9_IRQHandler                 0x080001c3   Thumb Code     0  startup_stm32f401xc.o(.text)
    TIM1_CC_IRQHandler                       0x080001c3   Thumb Code     0  startup_stm32f401xc.o(.text)
    TIM1_TRG_COM_TIM11_IRQHandler            0x080001c3   Thumb Code     0  startup_stm32f401xc.o(.text)
    TIM1_UP_TIM10_IRQHandler                 0x080001c3   Thumb Code     0  startup_stm32f401xc.o(.text)
    TIM2_IRQHandler                          0x080001c3   Thumb Code     0  startup_stm32f401xc.o(.text)
    TIM3_IRQHandler                          0x080001c3   Thumb Code     0  startup_stm32f401xc.o(.text)
    TIM4_IRQHandler                          0x080001c3   Thumb Code     0  startup_stm32f401xc.o(.text)
    TIM5_IRQHandler                          0x080001c3   Thumb Code     0  startup_stm32f401xc.o(.text)
    USART1_IRQHandler                        0x080001c3   Thumb Code     0  startup_stm32f401xc.o(.text)
    USART6_IRQHandler                        0x080001c3   Thumb Code     0  startup_stm32f401xc.o(.text)
    WWDG_IRQHandler                          0x080001c3   Thumb Code     0  startup_stm32f401xc.o(.text)
    __aeabi_uldivmod                         0x080001cd   Thumb Code    98  uldiv.o(.text)
    __aeabi_memset                           0x0800022f   Thumb Code    14  memseta.o(.text)
    __aeabi_memset4                          0x0800022f   Thumb Code     0  memseta.o(.text)
    __aeabi_memset8                          0x0800022f   Thumb Code     0  memseta.o(.text)
    __aeabi_memclr                           0x0800023d   Thumb Code     4  memseta.o(.text)
    __aeabi_memclr4                          0x0800023d   Thumb Code     0  memseta.o(.text)
    __aeabi_memclr8                          0x0800023d   Thumb Code     0  memseta.o(.text)
    _memset$wrapper                          0x08000241   Thumb Code    18  memseta.o(.text)
    __aeabi_llsl                             0x08000253   Thumb Code    30  llshl.o(.text)
    _ll_shift_l                              0x08000253   Thumb Code     0  llshl.o(.text)
    __aeabi_llsr                             0x08000271   Thumb Code    32  llushr.o(.text)
    _ll_ushift_r                             0x08000271   Thumb Code     0  llushr.o(.text)
    __scatterload                            0x08000291   Thumb Code    28  init.o(.text)
    __scatterload_rt2                        0x08000291   Thumb Code     0  init.o(.text)
    BusFault_Handler                         0x080002b5   Thumb Code     2  stm32f4xx_it.o(i.BusFault_Handler)
    DebugMon_Handler                         0x080002b7   Thumb Code     2  stm32f4xx_it.o(i.DebugMon_Handler)
    EPD_W21_WriteCMD                         0x080002b9   Thumb Code    52  main.o(i.EPD_W21_WriteCMD)
    EPD_W21_WriteDATA                        0x080002f9   Thumb Code    52  main.o(i.EPD_W21_WriteDATA)
    EPD_init                                 0x08000339   Thumb Code   286  main.o(i.EPD_init)
    EPD_refresh                              0x0800045d   Thumb Code    32  main.o(i.EPD_refresh)
    EPD_sleep                                0x0800047d   Thumb Code    18  main.o(i.EPD_sleep)
    Error_Handler                            0x0800048f   Thumb Code     2  main.o(i.Error_Handler)
    HAL_DMA_Abort_IT                         0x08000491   Thumb Code    36  stm32f4xx_hal_dma.o(i.HAL_DMA_Abort_IT)
    HAL_Delay                                0x080004b5   Thumb Code    32  stm32f4xx_hal.o(i.HAL_Delay)
    HAL_GPIO_Init                            0x080004d9   Thumb Code   358  stm32f4xx_hal_gpio.o(i.HAL_GPIO_Init)
    HAL_GPIO_WritePin                        0x08000661   Thumb Code    10  stm32f4xx_hal_gpio.o(i.HAL_GPIO_WritePin)
    HAL_GetTick                              0x0800066d   Thumb Code     6  stm32f4xx_hal.o(i.HAL_GetTick)
    HAL_IncTick                              0x08000679   Thumb Code    12  stm32f4xx_hal.o(i.HAL_IncTick)
    HAL_Init                                 0x08000689   Thumb Code    48  stm32f4xx_hal.o(i.HAL_Init)
    HAL_InitTick                             0x080006bd   Thumb Code    54  stm32f4xx_hal.o(i.HAL_InitTick)
    HAL_MspInit                              0x080006fd   Thumb Code    42  stm32f4xx_hal_msp.o(i.HAL_MspInit)
    HAL_NVIC_EnableIRQ                       0x0800072d   Thumb Code    26  stm32f4xx_hal_cortex.o(i.HAL_NVIC_EnableIRQ)
    HAL_NVIC_SetPriority                     0x08000749   Thumb Code    60  stm32f4xx_hal_cortex.o(i.HAL_NVIC_SetPriority)
    HAL_NVIC_SetPriorityGrouping             0x08000789   Thumb Code    26  stm32f4xx_hal_cortex.o(i.HAL_NVIC_SetPriorityGrouping)
    HAL_RCCEx_PeriphCLKConfig                0x080007ad   Thumb Code   310  stm32f4xx_hal_rcc_ex.o(i.HAL_RCCEx_PeriphCLKConfig)
    HAL_RCC_ClockConfig                      0x080008fd   Thumb Code   286  stm32f4xx_hal_rcc.o(i.HAL_RCC_ClockConfig)
    HAL_RCC_GetPCLK1Freq                     0x08000a2d   Thumb Code    20  stm32f4xx_hal_rcc.o(i.HAL_RCC_GetPCLK1Freq)
    HAL_RCC_GetPCLK2Freq                     0x08000a4d   Thumb Code    20  stm32f4xx_hal_rcc.o(i.HAL_RCC_GetPCLK2Freq)
    HAL_RCC_GetSysClockFreq                  0x08000a6d   Thumb Code    88  stm32f4xx_hal_rcc.o(i.HAL_RCC_GetSysClockFreq)
    HAL_RCC_OscConfig                        0x08000ad1   Thumb Code   770  stm32f4xx_hal_rcc.o(i.HAL_RCC_OscConfig)
    HAL_RTC_Init                             0x08000ded   Thumb Code   166  stm32f4xx_hal_rtc.o(i.HAL_RTC_Init)
    HAL_RTC_MspInit                          0x08000e99   Thumb Code    16  rtc.o(i.HAL_RTC_MspInit)
    HAL_RTC_SetDate                          0x08000eb1   Thumb Code   194  stm32f4xx_hal_rtc.o(i.HAL_RTC_SetDate)
    HAL_RTC_SetTime                          0x08000f79   Thumb Code   230  stm32f4xx_hal_rtc.o(i.HAL_RTC_SetTime)
    HAL_RTC_WaitForSynchro                   0x08001065   Thumb Code    54  stm32f4xx_hal_rtc.o(i.HAL_RTC_WaitForSynchro)
    HAL_SPI_Init                             0x0800109b   Thumb Code   128  stm32f4xx_hal_spi.o(i.HAL_SPI_Init)
    HAL_SPI_MspInit                          0x0800111d   Thumb Code    94  spi.o(i.HAL_SPI_MspInit)
    HAL_SPI_Transmit                         0x08001189   Thumb Code   348  stm32f4xx_hal_spi.o(i.HAL_SPI_Transmit)
    HAL_SYSTICK_Config                       0x080012e5   Thumb Code    40  stm32f4xx_hal_cortex.o(i.HAL_SYSTICK_Config)
    HAL_UART_ErrorCallback                   0x0800130d   Thumb Code     2  stm32f4xx_hal_uart.o(i.HAL_UART_ErrorCallback)
    HAL_UART_IRQHandler                      0x08001311   Thumb Code   266  stm32f4xx_hal_uart.o(i.HAL_UART_IRQHandler)
    HAL_UART_Init                            0x08001421   Thumb Code    98  stm32f4xx_hal_uart.o(i.HAL_UART_Init)
    HAL_UART_MspInit                         0x08001485   Thumb Code   108  usart.o(i.HAL_UART_MspInit)
    HAL_UART_RxCpltCallback                  0x080014fd   Thumb Code     2  stm32f4xx_hal_uart.o(i.HAL_UART_RxCpltCallback)
    HAL_UART_TxCpltCallback                  0x080014ff   Thumb Code     2  stm32f4xx_hal_uart.o(i.HAL_UART_TxCpltCallback)
    HardFault_Handler                        0x08001501   Thumb Code     2  stm32f4xx_it.o(i.HardFault_Handler)
    MX_GPIO_Init                             0x08001505   Thumb Code   194  gpio.o(i.MX_GPIO_Init)
    MX_RTC_Init                              0x080015d5   Thumb Code   120  rtc.o(i.MX_RTC_Init)
    MX_SPI2_Init                             0x08001655   Thumb Code    62  spi.o(i.MX_SPI2_Init)
    MX_USART2_UART_Init                      0x0800169d   Thumb Code    48  usart.o(i.MX_USART2_UART_Init)
    MemManage_Handler                        0x080016d5   Thumb Code     2  stm32f4xx_it.o(i.MemManage_Handler)
    NMI_Handler                              0x080016d7   Thumb Code     2  stm32f4xx_it.o(i.NMI_Handler)
    PIC_display                              0x080016d9   Thumb Code    56  main.o(i.PIC_display)
    PendSV_Handler                           0x08001711   Thumb Code     2  stm32f4xx_it.o(i.PendSV_Handler)
    RTC_ByteToBcd2                           0x08001713   Thumb Code    22  stm32f4xx_hal_rtc.o(i.RTC_ByteToBcd2)
    RTC_EnterInitMode                        0x08001729   Thumb Code    58  stm32f4xx_hal_rtc.o(i.RTC_EnterInitMode)
    SVC_Handler                              0x08001851   Thumb Code     2  stm32f4xx_it.o(i.SVC_Handler)
    SysTick_Handler                          0x08001853   Thumb Code     4  stm32f4xx_it.o(i.SysTick_Handler)
    SystemClock_Config                       0x08001859   Thumb Code   130  main.o(i.SystemClock_Config)
    SystemInit                               0x080018e5   Thumb Code    66  system_stm32f4xx.o(i.SystemInit)
    USART2_IRQHandler                        0x08001d0d   Thumb Code     6  stm32f4xx_it.o(i.USART2_IRQHandler)
    UsageFault_Handler                       0x08001d19   Thumb Code     2  stm32f4xx_it.o(i.UsageFault_Handler)
    __scatterload_copy                       0x08001d3b   Thumb Code    14  handlers.o(i.__scatterload_copy)
    __scatterload_null                       0x08001d49   Thumb Code     2  handlers.o(i.__scatterload_null)
    __scatterload_zeroinit                   0x08001d4b   Thumb Code    14  handlers.o(i.__scatterload_zeroinit)
    main                                     0x08001d59   Thumb Code    62  main.o(i.main)
    gImage_black1                            0x08001da0   Data       15000  main.o(.constdata)
    AHBPrescTable                            0x08005838   Data          16  system_stm32f4xx.o(.constdata)
    APBPrescTable                            0x08005848   Data           8  system_stm32f4xx.o(.constdata)
    Region$$Table$$Base                      0x08005850   Number         0  anon$$obj.o(Region$$Table)
    Region$$Table$$Limit                     0x08005870   Number         0  anon$$obj.o(Region$$Table)
    uwTickFreq                               0x20000000   Data           1  stm32f4xx_hal.o(.data)
    uwTickPrio                               0x20000004   Data           4  stm32f4xx_hal.o(.data)
    uwTick                                   0x20000008   Data           4  stm32f4xx_hal.o(.data)
    SystemCoreClock                          0x2000000c   Data           4  system_stm32f4xx.o(.data)
    hrtc                                     0x20000010   Data          32  rtc.o(.bss)
    hspi2                                    0x20000030   Data          88  spi.o(.bss)
    huart2                                   0x20000088   Data          64  usart.o(.bss)
    __initial_sp                             0x200004c8   Data           0  startup_stm32f401xc.o(STACK)



==============================================================================

Memory Map of the image

  Image Entry point : 0x08000195

  Load Region LR_IROM1 (Base: 0x08000000, Size: 0x00005880, Max: 0x00040000, ABSOLUTE)

    Execution Region ER_IROM1 (Base: 0x08000000, Size: 0x00005870, Max: 0x00040000, ABSOLUTE)

    Base Addr    Size         Type   Attr      Idx    E Section Name        Object

    0x08000000   0x00000194   Data   RO            3    RESET               startup_stm32f401xc.o
    0x08000194   0x00000000   Code   RO         2756  * .ARM.Collect$$$$00000000  mc_w.l(entry.o)
    0x08000194   0x00000004   Code   RO         2763    .ARM.Collect$$$$00000001  mc_w.l(entry2.o)
    0x08000198   0x00000004   Code   RO         2766    .ARM.Collect$$$$00000004  mc_w.l(entry5.o)
    0x0800019c   0x00000000   Code   RO         2768    .ARM.Collect$$$$00000008  mc_w.l(entry7b.o)
    0x0800019c   0x00000000   Code   RO         2770    .ARM.Collect$$$$0000000A  mc_w.l(entry8b.o)
    0x0800019c   0x00000008   Code   RO         2771    .ARM.Collect$$$$0000000B  mc_w.l(entry9a.o)
    0x080001a4   0x00000000   Code   RO         2773    .ARM.Collect$$$$0000000D  mc_w.l(entry10a.o)
    0x080001a4   0x00000000   Code   RO         2775    .ARM.Collect$$$$0000000F  mc_w.l(entry11a.o)
    0x080001a4   0x00000004   Code   RO         2764    .ARM.Collect$$$$00002712  mc_w.l(entry2.o)
    0x080001a8   0x00000024   Code   RO            4    .text               startup_stm32f401xc.o
    0x080001cc   0x00000062   Code   RO         2759    .text               mc_w.l(uldiv.o)
    0x0800022e   0x00000024   Code   RO         2761    .text               mc_w.l(memseta.o)
    0x08000252   0x0000001e   Code   RO         2777    .text               mc_w.l(llshl.o)
    0x08000270   0x00000020   Code   RO         2779    .text               mc_w.l(llushr.o)
    0x08000290   0x00000024   Code   RO         2781    .text               mc_w.l(init.o)
    0x080002b4   0x00000002   Code   RO          389    i.BusFault_Handler  stm32f4xx_it.o
    0x080002b6   0x00000002   Code   RO          390    i.DebugMon_Handler  stm32f4xx_it.o
    0x080002b8   0x00000040   Code   RO           13    i.EPD_W21_WriteCMD  main.o
    0x080002f8   0x00000040   Code   RO           14    i.EPD_W21_WriteDATA  main.o
    0x08000338   0x00000124   Code   RO           15    i.EPD_init          main.o
    0x0800045c   0x00000020   Code   RO           16    i.EPD_refresh       main.o
    0x0800047c   0x00000012   Code   RO           17    i.EPD_sleep         main.o
    0x0800048e   0x00000002   Code   RO           18    i.Error_Handler     main.o
    0x08000490   0x00000024   Code   RO         1347    i.HAL_DMA_Abort_IT  stm32f4xx_hal_dma.o
    0x080004b4   0x00000024   Code   RO         1789    i.HAL_Delay         stm32f4xx_hal.o
    0x080004d8   0x00000188   Code   RO         1239    i.HAL_GPIO_Init     stm32f4xx_hal_gpio.o
    0x08000660   0x0000000a   Code   RO         1243    i.HAL_GPIO_WritePin  stm32f4xx_hal_gpio.o
    0x0800066a   0x00000002   PAD
    0x0800066c   0x0000000c   Code   RO         1795    i.HAL_GetTick       stm32f4xx_hal.o
    0x08000678   0x00000010   Code   RO         1801    i.HAL_IncTick       stm32f4xx_hal.o
    0x08000688   0x00000034   Code   RO         1802    i.HAL_Init          stm32f4xx_hal.o
    0x080006bc   0x00000040   Code   RO         1803    i.HAL_InitTick      stm32f4xx_hal.o
    0x080006fc   0x00000030   Code   RO          471    i.HAL_MspInit       stm32f4xx_hal_msp.o
    0x0800072c   0x0000001a   Code   RO         1652    i.HAL_NVIC_EnableIRQ  stm32f4xx_hal_cortex.o
    0x08000746   0x00000002   PAD
    0x08000748   0x00000040   Code   RO         1658    i.HAL_NVIC_SetPriority  stm32f4xx_hal_cortex.o
    0x08000788   0x00000024   Code   RO         1659    i.HAL_NVIC_SetPriorityGrouping  stm32f4xx_hal_cortex.o
    0x080007ac   0x00000150   Code   RO          966    i.HAL_RCCEx_PeriphCLKConfig  stm32f4xx_hal_rcc_ex.o
    0x080008fc   0x00000130   Code   RO          861    i.HAL_RCC_ClockConfig  stm32f4xx_hal_rcc.o
    0x08000a2c   0x00000020   Code   RO          868    i.HAL_RCC_GetPCLK1Freq  stm32f4xx_hal_rcc.o
    0x08000a4c   0x00000020   Code   RO          869    i.HAL_RCC_GetPCLK2Freq  stm32f4xx_hal_rcc.o
    0x08000a6c   0x00000064   Code   RO          870    i.HAL_RCC_GetSysClockFreq  stm32f4xx_hal_rcc.o
    0x08000ad0   0x0000031c   Code   RO          873    i.HAL_RCC_OscConfig  stm32f4xx_hal_rcc.o
    0x08000dec   0x000000ac   Code   RO          503    i.HAL_RTC_Init      stm32f4xx_hal_rtc.o
    0x08000e98   0x00000018   Code   RO          237    i.HAL_RTC_MspInit   rtc.o
    0x08000eb0   0x000000c8   Code   RO          509    i.HAL_RTC_SetDate   stm32f4xx_hal_rtc.o
    0x08000f78   0x000000ec   Code   RO          510    i.HAL_RTC_SetTime   stm32f4xx_hal_rtc.o
    0x08001064   0x00000036   Code   RO          511    i.HAL_RTC_WaitForSynchro  stm32f4xx_hal_rtc.o
    0x0800109a   0x00000080   Code   RO         2048    i.HAL_SPI_Init      stm32f4xx_hal_spi.o
    0x0800111a   0x00000002   PAD
    0x0800111c   0x0000006c   Code   RO          279    i.HAL_SPI_MspInit   spi.o
    0x08001188   0x0000015c   Code   RO         2056    i.HAL_SPI_Transmit  stm32f4xx_hal_spi.o
    0x080012e4   0x00000028   Code   RO         1663    i.HAL_SYSTICK_Config  stm32f4xx_hal_cortex.o
    0x0800130c   0x00000002   Code   RO         2416    i.HAL_UART_ErrorCallback  stm32f4xx_hal_uart.o
    0x0800130e   0x00000002   PAD
    0x08001310   0x00000110   Code   RO         2419    i.HAL_UART_IRQHandler  stm32f4xx_hal_uart.o
    0x08001420   0x00000062   Code   RO         2420    i.HAL_UART_Init     stm32f4xx_hal_uart.o
    0x08001482   0x00000002   PAD
    0x08001484   0x00000078   Code   RO          348    i.HAL_UART_MspInit  usart.o
    0x080014fc   0x00000002   Code   RO         2426    i.HAL_UART_RxCpltCallback  stm32f4xx_hal_uart.o
    0x080014fe   0x00000002   Code   RO         2431    i.HAL_UART_TxCpltCallback  stm32f4xx_hal_uart.o
    0x08001500   0x00000002   Code   RO          391    i.HardFault_Handler  stm32f4xx_it.o
    0x08001502   0x00000002   PAD
    0x08001504   0x000000d0   Code   RO          212    i.MX_GPIO_Init      gpio.o
    0x080015d4   0x00000080   Code   RO          238    i.MX_RTC_Init       rtc.o
    0x08001654   0x00000048   Code   RO          280    i.MX_SPI2_Init      spi.o
    0x0800169c   0x00000038   Code   RO          349    i.MX_USART2_UART_Init  usart.o
    0x080016d4   0x00000002   Code   RO          392    i.MemManage_Handler  stm32f4xx_it.o
    0x080016d6   0x00000002   Code   RO          393    i.NMI_Handler       stm32f4xx_it.o
    0x080016d8   0x00000038   Code   RO           19    i.PIC_display       main.o
    0x08001710   0x00000002   Code   RO          394    i.PendSV_Handler    stm32f4xx_it.o
    0x08001712   0x00000016   Code   RO          513    i.RTC_ByteToBcd2    stm32f4xx_hal_rtc.o
    0x08001728   0x0000003a   Code   RO          514    i.RTC_EnterInitMode  stm32f4xx_hal_rtc.o
    0x08001762   0x00000002   PAD
    0x08001764   0x00000058   Code   RO         2086    i.SPI_EndRxTxTransaction  stm32f4xx_hal_spi.o
    0x080017bc   0x00000094   Code   RO         2091    i.SPI_WaitFlagStateUntilTimeout  stm32f4xx_hal_spi.o
    0x08001850   0x00000002   Code   RO          395    i.SVC_Handler       stm32f4xx_it.o
    0x08001852   0x00000004   Code   RO          396    i.SysTick_Handler   stm32f4xx_it.o
    0x08001856   0x00000002   PAD
    0x08001858   0x0000008c   Code   RO           21    i.SystemClock_Config  main.o
    0x080018e4   0x00000054   Code   RO         2722    i.SystemInit        system_stm32f4xx.o
    0x08001938   0x00000010   Code   RO         2433    i.UART_DMAAbortOnError  stm32f4xx_hal_uart.o
    0x08001948   0x0000001c   Code   RO         2443    i.UART_EndRxTransfer  stm32f4xx_hal_uart.o
    0x08001964   0x00000096   Code   RO         2445    i.UART_Receive_IT   stm32f4xx_hal_uart.o
    0x080019fa   0x00000002   PAD
    0x080019fc   0x000002ac   Code   RO         2446    i.UART_SetConfig    stm32f4xx_hal_uart.o
    0x08001ca8   0x00000062   Code   RO         2447    i.UART_Transmit_IT  stm32f4xx_hal_uart.o
    0x08001d0a   0x00000002   PAD
    0x08001d0c   0x0000000c   Code   RO          397    i.USART2_IRQHandler  stm32f4xx_it.o
    0x08001d18   0x00000002   Code   RO          398    i.UsageFault_Handler  stm32f4xx_it.o
    0x08001d1a   0x00000020   Code   RO         1665    i.__NVIC_SetPriority  stm32f4xx_hal_cortex.o
    0x08001d3a   0x0000000e   Code   RO         2785    i.__scatterload_copy  mc_w.l(handlers.o)
    0x08001d48   0x00000002   Code   RO         2786    i.__scatterload_null  mc_w.l(handlers.o)
    0x08001d4a   0x0000000e   Code   RO         2787    i.__scatterload_zeroinit  mc_w.l(handlers.o)
    0x08001d58   0x00000048   Code   RO           23    i.main              main.o
    0x08001da0   0x00003a98   Data   RO           24    .constdata          main.o
    0x08005838   0x00000010   Data   RO         2723    .constdata          system_stm32f4xx.o
    0x08005848   0x00000008   Data   RO         2724    .constdata          system_stm32f4xx.o
    0x08005850   0x00000020   Data   RO         2783    Region$$Table       anon$$obj.o


    Execution Region RW_IRAM1 (Base: 0x20000000, Size: 0x000004c8, Max: 0x00010000, ABSOLUTE)

    Base Addr    Size         Type   Attr      Idx    E Section Name        Object

    0x20000000   0x0000000c   Data   RW         1809    .data               stm32f4xx_hal.o
    0x2000000c   0x00000004   Data   RW         2725    .data               system_stm32f4xx.o
    0x20000010   0x00000020   Zero   RW          239    .bss                rtc.o
    0x20000030   0x00000058   Zero   RW          281    .bss                spi.o
    0x20000088   0x00000040   Zero   RW          350    .bss                usart.o
    0x200000c8   0x00000400   Zero   RW            1    STACK               startup_stm32f401xc.o


==============================================================================

Image component sizes


      Code (inc. data)   RO Data    RW Data    ZI Data      Debug   Object Name

       208         14          0          0          0        987   gpio.o
       740         50      15000          0          0     409430   main.o
       152         16          0          0         32       1603   rtc.o
       180         24          0          0         88       1729   spi.o
        36          8        404          0       1024        856   startup_stm32f401xc.o
       180         28          0         12          0       4721   stm32f4xx_hal.o
       198         14          0          0          0      33995   stm32f4xx_hal_cortex.o
        36          0          0          0          0       1259   stm32f4xx_hal_dma.o
       402         34          0          0          0       2444   stm32f4xx_hal_gpio.o
        48          6          0          0          0        878   stm32f4xx_hal_msp.o
      1264         80          0          0          0       5260   stm32f4xx_hal_rcc.o
       336         26          0          0          0       1444   stm32f4xx_hal_rcc_ex.o
       742         18          0          0          0       5532   stm32f4xx_hal_rtc.o
       712          8          0          0          0       4418   stm32f4xx_hal_spi.o
      1352         14          0          0          0       7631   stm32f4xx_hal_uart.o
        32          6          0          0          0       4782   stm32f4xx_it.o
        84         18         24          4          0       1231   system_stm32f4xx.o
       176         20          0          0         64       1766   usart.o

    ----------------------------------------------------------------------
      6898        384      15460         16       1208     489966   Object Totals
         0          0         32          0          0          0   (incl. Generated)
        20          0          0          0          0          0   (incl. Padding)

    ----------------------------------------------------------------------

      Code (inc. data)   RO Data    RW Data    ZI Data      Debug   Library Member Name

         0          0          0          0          0          0   entry.o
         0          0          0          0          0          0   entry10a.o
         0          0          0          0          0          0   entry11a.o
         8          4          0          0          0          0   entry2.o
         4          0          0          0          0          0   entry5.o
         0          0          0          0          0          0   entry7b.o
         0          0          0          0          0          0   entry8b.o
         8          4          0          0          0          0   entry9a.o
        30          0          0          0          0          0   handlers.o
        36          8          0          0          0         68   init.o
        30          0          0          0          0         68   llshl.o
        32          0          0          0          0         68   llushr.o
        36          0          0          0          0        108   memseta.o
        98          0          0          0          0         92   uldiv.o

    ----------------------------------------------------------------------
       282         16          0          0          0        404   Library Totals
         0          0          0          0          0          0   (incl. Padding)

    ----------------------------------------------------------------------

      Code (inc. data)   RO Data    RW Data    ZI Data      Debug   Library Name

       282         16          0          0          0        404   mc_w.l

    ----------------------------------------------------------------------
       282         16          0          0          0        404   Library Totals

    ----------------------------------------------------------------------

==============================================================================


      Code (inc. data)   RO Data    RW Data    ZI Data      Debug   

      7180        400      15460         16       1208     484470   Grand Totals
      7180        400      15460         16       1208     484470   ELF Image Totals
      7180        400      15460         16          0          0   ROM Totals

==============================================================================

    Total RO  Size (Code + RO Data)                22640 (  22.11kB)
    Total RW  Size (RW Data + ZI Data)              1224 (   1.20kB)
    Total ROM Size (Code + RO Data + RW Data)      22656 (  22.13kB)

==============================================================================

